../Core/Src/main.c:139:10:FlashRead	16	static
../Core/Src/main.c:145:6:WriteConfig	56	static
../Core/Src/main.c:167:6:ReadConfig	16	static
../Core/Src/main.c:184:6:Print_test	24	static
../Core/Src/main.c:193:6:TCT	8	static
../Core/Src/main.c:219:6:Protocol	8	static
../Core/Src/main.c:390:6:ADC_reset_ch	24	static
../Core/Src/main.c:419:6:ADC_Select_CH0	24	static
../Core/Src/main.c:430:9:ADC_Select_CH1	24	static
../Core/Src/main.c:443:9:ADC_Select_CH4	24	static
../Core/Src/main.c:455:9:ADC_Select_CH5	24	static
../Core/Src/main.c:467:9:ADC_Select_CH8	24	static
../Core/Src/main.c:478:9:ADC_Select_CHTemp	24	static
../Core/Src/main.c:490:9:ADC_Select_CH_V_REF	24	static
../Core/Src/main.c:501:13:ADC_read	16	static
../Core/Src/main.c:562:5:main	8	static
../Core/Src/main.c:629:6:SystemClock_Config	96	static
../Core/Src/main.c:676:13:MX_ADC_Init	24	static
../Core/Src/main.c:779:13:MX_IWDG_Init	8	static
../Core/Src/main.c:808:13:MX_TIM1_Init	48	static
../Core/Src/main.c:887:13:MX_TIM3_Init	32	static
../Core/Src/main.c:932:13:MX_USART1_UART_Init	8	static
../Core/Src/main.c:965:13:MX_DMA_Init	16	static
../Core/Src/main.c:986:13:MX_GPIO_Init	48	static
../Core/Src/main.c:1045:6:HAL_TIM_IC_CaptureCallback	16	static
../Core/Src/main.c:1169:6:HAL_UART_TxCpltCallback	16	static
../Core/Src/main.c:1181:6:Error_Handler	8	static,ignoring_inline_asm
