../Core/Src/main.c:139:10:FlashRead	16	static
../Core/Src/main.c:145:6:WriteConfig	56	static
../Core/Src/main.c:167:6:ReadConfig	16	static
../Core/Src/main.c:187:6:Print_test	24	static
../Core/Src/main.c:196:6:TCT	8	static
../Core/Src/main.c:222:6:Protocol	8	static
../Core/Src/main.c:415:6:ADC_reset_ch	24	static
../Core/Src/main.c:444:6:ADC_Select_CH0	24	static
../Core/Src/main.c:455:9:ADC_Select_CH1	24	static
../Core/Src/main.c:468:9:ADC_Select_CH4	24	static
../Core/Src/main.c:480:9:ADC_Select_CH5	24	static
../Core/Src/main.c:492:9:ADC_Select_CH8	24	static
../Core/Src/main.c:503:9:ADC_Select_CHTemp	24	static
../Core/Src/main.c:515:9:ADC_Select_CH_V_REF	24	static
../Core/Src/main.c:526:13:ADC_read	16	static
../Core/Src/main.c:587:5:main	8	static
../Core/Src/main.c:661:6:SystemClock_Config	96	static
../Core/Src/main.c:708:13:MX_ADC_Init	24	static
../Core/Src/main.c:811:13:MX_IWDG_Init	8	static
../Core/Src/main.c:840:13:MX_TIM1_Init	48	static
../Core/Src/main.c:919:13:MX_TIM3_Init	32	static
../Core/Src/main.c:964:13:MX_USART1_UART_Init	8	static
../Core/Src/main.c:997:13:MX_DMA_Init	16	static
../Core/Src/main.c:1018:13:MX_GPIO_Init	48	static
../Core/Src/main.c:1077:6:HAL_TIM_IC_CaptureCallback	16	static
../Core/Src/main.c:1201:6:HAL_UART_TxCpltCallback	16	static
../Core/Src/main.c:1213:6:Error_Handler	8	static,ignoring_inline_asm
