../Core/Src/main.c:134:10:FlashRead	16	static
../Core/Src/main.c:140:6:WriteConfig	56	static
../Core/Src/main.c:162:6:ReadConfig	16	static
../Core/Src/main.c:179:6:Print_test	24	static
../Core/Src/main.c:188:6:Protocol	8	static
../Core/Src/main.c:313:6:ADC_reset_ch	24	static
../Core/Src/main.c:342:6:ADC_Select_CH0	24	static
../Core/Src/main.c:353:9:ADC_Select_CH1	24	static
../Core/Src/main.c:366:9:ADC_Select_CH4	24	static
../Core/Src/main.c:378:9:ADC_Select_CH5	24	static
../Core/Src/main.c:390:9:ADC_Select_CH8	24	static
../Core/Src/main.c:401:9:ADC_Select_CHTemp	24	static
../Core/Src/main.c:413:9:ADC_Select_CH_V_REF	24	static
../Core/Src/main.c:424:13:ADC_read	16	static
../Core/Src/main.c:485:5:main	8	static
../Core/Src/main.c:567:6:SystemClock_Config	96	static
../Core/Src/main.c:614:13:MX_ADC_Init	24	static
../Core/Src/main.c:717:13:MX_IWDG_Init	8	static
../Core/Src/main.c:746:13:MX_TIM1_Init	48	static
../Core/Src/main.c:821:13:MX_TIM3_Init	32	static
../Core/Src/main.c:866:13:MX_USART1_UART_Init	8	static
../Core/Src/main.c:899:13:MX_DMA_Init	16	static
../Core/Src/main.c:920:13:MX_GPIO_Init	48	static
../Core/Src/main.c:979:6:HAL_TIM_IC_CaptureCallback	16	static
../Core/Src/main.c:1030:6:HAL_UART_TxCpltCallback	16	static
../Core/Src/main.c:1042:6:Error_Handler	8	static,ignoring_inline_asm
