../Drivers/STM32F3xx_HAL_Driver/Src/stm32f3xx_hal_uart.c:289:19:HAL_UART_Init	16	static
../Drivers/STM32F3xx_HAL_Driver/Src/stm32f3xx_hal_uart.c:362:19:HAL_HalfDuplex_Init	16	static
../Drivers/STM32F3xx_HAL_Driver/Src/stm32f3xx_hal_uart.c:435:19:HAL_LIN_Init	16	static
../Drivers/STM32F3xx_HAL_Driver/Src/stm32f3xx_hal_uart.c:532:19:HAL_MultiProcessor_Init	24	static
../Drivers/STM32F3xx_HAL_Driver/Src/stm32f3xx_hal_uart.c:606:19:HAL_UART_DeInit	16	static
../Drivers/STM32F3xx_HAL_Driver/Src/stm32f3xx_hal_uart.c:652:13:HAL_UART_MspInit	16	static
../Drivers/STM32F3xx_HAL_Driver/Src/stm32f3xx_hal_uart.c:667:13:HAL_UART_MspDeInit	16	static
../Drivers/STM32F3xx_HAL_Driver/Src/stm32f3xx_hal_uart.c:1080:19:HAL_UART_Transmit	48	static
../Drivers/STM32F3xx_HAL_Driver/Src/stm32f3xx_hal_uart.c:1165:19:HAL_UART_Receive	48	static
../Drivers/STM32F3xx_HAL_Driver/Src/stm32f3xx_hal_uart.c:1251:19:HAL_UART_Transmit_IT	48	static,ignoring_inline_asm
../Drivers/STM32F3xx_HAL_Driver/Src/stm32f3xx_hal_uart.c:1304:19:HAL_UART_Receive_IT	48	static,ignoring_inline_asm
../Drivers/STM32F3xx_HAL_Driver/Src/stm32f3xx_hal_uart.c:1344:19:HAL_UART_Transmit_DMA	48	static,ignoring_inline_asm
../Drivers/STM32F3xx_HAL_Driver/Src/stm32f3xx_hal_uart.c:1420:19:HAL_UART_Receive_DMA	48	static,ignoring_inline_asm
../Drivers/STM32F3xx_HAL_Driver/Src/stm32f3xx_hal_uart.c:1455:19:HAL_UART_DMAPause	120	static,ignoring_inline_asm
../Drivers/STM32F3xx_HAL_Driver/Src/stm32f3xx_hal_uart.c:1489:19:HAL_UART_DMAResume	112	static,ignoring_inline_asm
../Drivers/STM32F3xx_HAL_Driver/Src/stm32f3xx_hal_uart.c:1521:19:HAL_UART_DMAStop	72	static,ignoring_inline_asm
../Drivers/STM32F3xx_HAL_Driver/Src/stm32f3xx_hal_uart.c:1596:19:HAL_UART_Abort	136	static,ignoring_inline_asm
../Drivers/STM32F3xx_HAL_Driver/Src/stm32f3xx_hal_uart.c:1691:19:HAL_UART_AbortTransmit	64	static,ignoring_inline_asm
../Drivers/STM32F3xx_HAL_Driver/Src/stm32f3xx_hal_uart.c:1743:19:HAL_UART_AbortReceive	112	static,ignoring_inline_asm
../Drivers/STM32F3xx_HAL_Driver/Src/stm32f3xx_hal_uart.c:1810:19:HAL_UART_Abort_IT	144	static,ignoring_inline_asm
../Drivers/STM32F3xx_HAL_Driver/Src/stm32f3xx_hal_uart.c:1956:19:HAL_UART_AbortTransmit_IT	64	static,ignoring_inline_asm
../Drivers/STM32F3xx_HAL_Driver/Src/stm32f3xx_hal_uart.c:2040:19:HAL_UART_AbortReceive_IT	112	static,ignoring_inline_asm
../Drivers/STM32F3xx_HAL_Driver/Src/stm32f3xx_hal_uart.c:2132:6:HAL_UART_IRQHandler	240	static,ignoring_inline_asm
../Drivers/STM32F3xx_HAL_Driver/Src/stm32f3xx_hal_uart.c:2431:13:HAL_UART_TxCpltCallback	16	static
../Drivers/STM32F3xx_HAL_Driver/Src/stm32f3xx_hal_uart.c:2446:13:HAL_UART_TxHalfCpltCallback	16	static
../Drivers/STM32F3xx_HAL_Driver/Src/stm32f3xx_hal_uart.c:2461:13:HAL_UART_RxCpltCallback	16	static
../Drivers/STM32F3xx_HAL_Driver/Src/stm32f3xx_hal_uart.c:2476:13:HAL_UART_RxHalfCpltCallback	16	static
../Drivers/STM32F3xx_HAL_Driver/Src/stm32f3xx_hal_uart.c:2491:13:HAL_UART_ErrorCallback	16	static
../Drivers/STM32F3xx_HAL_Driver/Src/stm32f3xx_hal_uart.c:2506:13:HAL_UART_AbortCpltCallback	16	static
../Drivers/STM32F3xx_HAL_Driver/Src/stm32f3xx_hal_uart.c:2521:13:HAL_UART_AbortTransmitCpltCallback	16	static
../Drivers/STM32F3xx_HAL_Driver/Src/stm32f3xx_hal_uart.c:2536:13:HAL_UART_AbortReceiveCpltCallback	16	static
../Drivers/STM32F3xx_HAL_Driver/Src/stm32f3xx_hal_uart.c:2553:13:HAL_UARTEx_RxEventCallback	16	static
../Drivers/STM32F3xx_HAL_Driver/Src/stm32f3xx_hal_uart.c:2601:6:HAL_UART_ReceiverTimeout_Config	16	static
../Drivers/STM32F3xx_HAL_Driver/Src/stm32f3xx_hal_uart.c:2613:19:HAL_UART_EnableReceiverTimeout	16	static
../Drivers/STM32F3xx_HAL_Driver/Src/stm32f3xx_hal_uart.c:2644:19:HAL_UART_DisableReceiverTimeout	16	static
../Drivers/STM32F3xx_HAL_Driver/Src/stm32f3xx_hal_uart.c:2675:19:HAL_MultiProcessor_EnableMuteMode	40	static,ignoring_inline_asm
../Drivers/STM32F3xx_HAL_Driver/Src/stm32f3xx_hal_uart.c:2695:19:HAL_MultiProcessor_DisableMuteMode	40	static,ignoring_inline_asm
../Drivers/STM32F3xx_HAL_Driver/Src/stm32f3xx_hal_uart.c:2715:6:HAL_MultiProcessor_EnterMuteMode	16	static
../Drivers/STM32F3xx_HAL_Driver/Src/stm32f3xx_hal_uart.c:2725:19:HAL_HalfDuplex_EnableTransmitter	64	static,ignoring_inline_asm
../Drivers/STM32F3xx_HAL_Driver/Src/stm32f3xx_hal_uart.c:2748:19:HAL_HalfDuplex_EnableReceiver	64	static,ignoring_inline_asm
../Drivers/STM32F3xx_HAL_Driver/Src/stm32f3xx_hal_uart.c:2772:19:HAL_LIN_SendBreak	16	static
../Drivers/STM32F3xx_HAL_Driver/Src/stm32f3xx_hal_uart.c:2817:23:HAL_UART_GetState	24	static
../Drivers/STM32F3xx_HAL_Driver/Src/stm32f3xx_hal_uart.c:2833:10:HAL_UART_GetError	16	static
../Drivers/STM32F3xx_HAL_Driver/Src/stm32f3xx_hal_uart.c:2877:19:UART_SetConfig	40	static
../Drivers/STM32F3xx_HAL_Driver/Src/stm32f3xx_hal_uart.c:3021:6:UART_AdvFeatureConfig	16	static
../Drivers/STM32F3xx_HAL_Driver/Src/stm32f3xx_hal_uart.c:3095:19:UART_CheckIdleState	32	static
../Drivers/STM32F3xx_HAL_Driver/Src/stm32f3xx_hal_uart.c:3146:19:UART_WaitOnFlagUntilTimeout	120	static,ignoring_inline_asm
../Drivers/STM32F3xx_HAL_Driver/Src/stm32f3xx_hal_uart.c:3208:19:UART_Start_Receive_IT	72	static,ignoring_inline_asm
../Drivers/STM32F3xx_HAL_Driver/Src/stm32f3xx_hal_uart.c:3252:19:UART_Start_Receive_DMA	96	static,ignoring_inline_asm
../Drivers/STM32F3xx_HAL_Driver/Src/stm32f3xx_hal_uart.c:3309:13:UART_EndTxTransfer	40	static,ignoring_inline_asm
../Drivers/STM32F3xx_HAL_Driver/Src/stm32f3xx_hal_uart.c:3324:13:UART_EndRxTransfer	88	static,ignoring_inline_asm
../Drivers/STM32F3xx_HAL_Driver/Src/stm32f3xx_hal_uart.c:3350:13:UART_DMATransmitCplt	72	static,ignoring_inline_asm
../Drivers/STM32F3xx_HAL_Driver/Src/stm32f3xx_hal_uart.c:3384:13:UART_DMATxHalfCplt	24	static
../Drivers/STM32F3xx_HAL_Driver/Src/stm32f3xx_hal_uart.c:3402:13:UART_DMAReceiveCplt	120	static,ignoring_inline_asm
../Drivers/STM32F3xx_HAL_Driver/Src/stm32f3xx_hal_uart.c:3459:13:UART_DMARxHalfCplt	24	static
../Drivers/STM32F3xx_HAL_Driver/Src/stm32f3xx_hal_uart.c:3493:13:UART_DMAError	32	static
../Drivers/STM32F3xx_HAL_Driver/Src/stm32f3xx_hal_uart.c:3533:13:UART_DMAAbortOnError	24	static
../Drivers/STM32F3xx_HAL_Driver/Src/stm32f3xx_hal_uart.c:3556:13:UART_DMATxAbortCallback	24	static
../Drivers/STM32F3xx_HAL_Driver/Src/stm32f3xx_hal_uart.c:3606:13:UART_DMARxAbortCallback	24	static
../Drivers/STM32F3xx_HAL_Driver/Src/stm32f3xx_hal_uart.c:3658:13:UART_DMATxOnlyAbortCallback	24	static
../Drivers/STM32F3xx_HAL_Driver/Src/stm32f3xx_hal_uart.c:3686:13:UART_DMARxOnlyAbortCallback	24	static
../Drivers/STM32F3xx_HAL_Driver/Src/stm32f3xx_hal_uart.c:3719:13:UART_TxISR_8BIT	64	static,ignoring_inline_asm
../Drivers/STM32F3xx_HAL_Driver/Src/stm32f3xx_hal_uart.c:3748:13:UART_TxISR_16BIT	72	static,ignoring_inline_asm
../Drivers/STM32F3xx_HAL_Driver/Src/stm32f3xx_hal_uart.c:3780:13:UART_EndTransmit_IT	40	static,ignoring_inline_asm
../Drivers/STM32F3xx_HAL_Driver/Src/stm32f3xx_hal_uart.c:3805:13:UART_RxISR_8BIT	96	static,ignoring_inline_asm
../Drivers/STM32F3xx_HAL_Driver/Src/stm32f3xx_hal_uart.c:3882:13:UART_RxISR_16BIT	96	static,ignoring_inline_asm
