../Core/Src/main.c:134:10:FlashRead	0	static
../Core/Src/main.c:140:6:WriteConfig	24	static
../Core/Src/main.c:162:6:ReadConfig	0	static
../Core/Src/main.c:179:6:Print_test	16	static
../Core/Src/main.c:188:6:Protocol	16	static
../Core/Src/main.c:313:6:ADC_reset_ch	32	static
../Core/Src/main.c:342:6:ADC_Select_CH0	24	static
../Core/Src/main.c:353:9:ADC_Select_CH1	24	static
../Core/Src/main.c:366:9:ADC_Select_CH4	24	static
../Core/Src/main.c:378:9:ADC_Select_CH5	24	static
../Core/Src/main.c:390:9:ADC_Select_CH8	24	static
../Core/Src/main.c:401:9:ADC_Select_CHTemp	24	static
../Core/Src/main.c:413:9:ADC_Select_CH_V_REF	24	static
../Core/Src/main.c:424:13:ADC_read	16	static
../Core/Src/main.c:567:6:SystemClock_Config	96	static,ignoring_inline_asm
../Core/Src/main.c:485:5:main	88	static,ignoring_inline_asm
../Core/Src/main.c:979:6:HAL_TIM_IC_CaptureCallback	24	static
../Core/Src/main.c:1030:6:HAL_UART_TxCpltCallback	8	static
../Core/Src/main.c:1042:6:Error_Handler	0	static,ignoring_inline_asm
