../Core/Src/main.c:139:10:FlashRead	0	static
../Core/Src/main.c:145:6:WriteConfig	24	static
../Core/Src/main.c:167:6:ReadConfig	0	static
../Core/Src/main.c:184:6:Print_test	16	static
../Core/Src/main.c:193:6:TCT	8	static
../Core/Src/main.c:219:6:Protocol	16	static
../Core/Src/main.c:390:6:ADC_reset_ch	32	static
../Core/Src/main.c:419:6:ADC_Select_CH0	24	static
../Core/Src/main.c:430:9:ADC_Select_CH1	24	static
../Core/Src/main.c:443:9:ADC_Select_CH4	24	static
../Core/Src/main.c:455:9:ADC_Select_CH5	24	static
../Core/Src/main.c:467:9:ADC_Select_CH8	24	static
../Core/Src/main.c:478:9:ADC_Select_CHTemp	24	static
../Core/Src/main.c:490:9:ADC_Select_CH_V_REF	24	static
../Core/Src/main.c:501:13:ADC_read	16	static
../Core/Src/main.c:626:6:SystemClock_Config	96	static,ignoring_inline_asm
../Core/Src/main.c:562:5:main	88	static,ignoring_inline_asm
../Core/Src/main.c:1042:6:HAL_TIM_IC_CaptureCallback	32	static
../Core/Src/main.c:1166:6:HAL_UART_TxCpltCallback	8	static
../Core/Src/main.c:1178:6:Error_Handler	0	static,ignoring_inline_asm
