../Core/Src/main.c:137:10:FlashRead	0	static
../Core/Src/main.c:143:6:WriteConfig	24	static
../Core/Src/main.c:165:6:ReadConfig	0	static
../Core/Src/main.c:182:6:Print_test	16	static
../Core/Src/main.c:191:6:Protocol	16	static
../Core/Src/main.c:316:6:ADC_reset_ch	32	static
../Core/Src/main.c:345:6:ADC_Select_CH0	24	static
../Core/Src/main.c:356:9:ADC_Select_CH1	24	static
../Core/Src/main.c:369:9:ADC_Select_CH4	24	static
../Core/Src/main.c:381:9:ADC_Select_CH5	24	static
../Core/Src/main.c:393:9:ADC_Select_CH8	24	static
../Core/Src/main.c:404:9:ADC_Select_CHTemp	24	static
../Core/Src/main.c:416:9:ADC_Select_CH_V_REF	24	static
../Core/Src/main.c:427:13:ADC_read	16	static
../Core/Src/main.c:544:6:SystemClock_Config	96	static,ignoring_inline_asm
../Core/Src/main.c:488:5:main	88	static,ignoring_inline_asm
../Core/Src/main.c:958:6:HAL_TIM_IC_CaptureCallback	32	static
../Core/Src/main.c:1029:6:HAL_UART_TxCpltCallback	8	static
../Core/Src/main.c:1041:6:Error_Handler	0	static,ignoring_inline_asm
