Archive member included to satisfy reference by file (symbol)

C:/ST/STM32CubeIDE_1.12.1/STM32CubeIDE/plugins/com.st.stm32cube.ide.mcu.externaltools.gnu-tools-for-stm32.11.3.rel1.win32_1.1.0.202305231506/tools/bin/../lib/gcc/arm-none-eabi/11.3.1/../../../../arm-none-eabi/lib/thumb/v7e-m+fp/hard\libc_nano.a(libc_a-exit.o)
                              C:/ST/STM32CubeIDE_1.12.1/STM32CubeIDE/plugins/com.st.stm32cube.ide.mcu.externaltools.gnu-tools-for-stm32.11.3.rel1.win32_1.1.0.202305231506/tools/bin/../lib/gcc/arm-none-eabi/11.3.1/../../../../arm-none-eabi/lib/thumb/v7e-m+fp/hard/crt0.o (exit)
C:/ST/STM32CubeIDE_1.12.1/STM32CubeIDE/plugins/com.st.stm32cube.ide.mcu.externaltools.gnu-tools-for-stm32.11.3.rel1.win32_1.1.0.202305231506/tools/bin/../lib/gcc/arm-none-eabi/11.3.1/../../../../arm-none-eabi/lib/thumb/v7e-m+fp/hard\libc_nano.a(libc_a-findfp.o)
                              C:/ST/STM32CubeIDE_1.12.1/STM32CubeIDE/plugins/com.st.stm32cube.ide.mcu.externaltools.gnu-tools-for-stm32.11.3.rel1.win32_1.1.0.202305231506/tools/bin/../lib/gcc/arm-none-eabi/11.3.1/../../../../arm-none-eabi/lib/thumb/v7e-m+fp/hard\libc_nano.a(libc_a-exit.o) (__stdio_exit_handler)
C:/ST/STM32CubeIDE_1.12.1/STM32CubeIDE/plugins/com.st.stm32cube.ide.mcu.externaltools.gnu-tools-for-stm32.11.3.rel1.win32_1.1.0.202305231506/tools/bin/../lib/gcc/arm-none-eabi/11.3.1/../../../../arm-none-eabi/lib/thumb/v7e-m+fp/hard\libc_nano.a(libc_a-fwalk.o)
                              C:/ST/STM32CubeIDE_1.12.1/STM32CubeIDE/plugins/com.st.stm32cube.ide.mcu.externaltools.gnu-tools-for-stm32.11.3.rel1.win32_1.1.0.202305231506/tools/bin/../lib/gcc/arm-none-eabi/11.3.1/../../../../arm-none-eabi/lib/thumb/v7e-m+fp/hard\libc_nano.a(libc_a-findfp.o) (_fwalk_sglue)
C:/ST/STM32CubeIDE_1.12.1/STM32CubeIDE/plugins/com.st.stm32cube.ide.mcu.externaltools.gnu-tools-for-stm32.11.3.rel1.win32_1.1.0.202305231506/tools/bin/../lib/gcc/arm-none-eabi/11.3.1/../../../../arm-none-eabi/lib/thumb/v7e-m+fp/hard\libc_nano.a(libc_a-sprintf.o)
                              ./Core/Src/main.o (sprintf)
C:/ST/STM32CubeIDE_1.12.1/STM32CubeIDE/plugins/com.st.stm32cube.ide.mcu.externaltools.gnu-tools-for-stm32.11.3.rel1.win32_1.1.0.202305231506/tools/bin/../lib/gcc/arm-none-eabi/11.3.1/../../../../arm-none-eabi/lib/thumb/v7e-m+fp/hard\libc_nano.a(libc_a-stdio.o)
                              C:/ST/STM32CubeIDE_1.12.1/STM32CubeIDE/plugins/com.st.stm32cube.ide.mcu.externaltools.gnu-tools-for-stm32.11.3.rel1.win32_1.1.0.202305231506/tools/bin/../lib/gcc/arm-none-eabi/11.3.1/../../../../arm-none-eabi/lib/thumb/v7e-m+fp/hard\libc_nano.a(libc_a-findfp.o) (__sread)
C:/ST/STM32CubeIDE_1.12.1/STM32CubeIDE/plugins/com.st.stm32cube.ide.mcu.externaltools.gnu-tools-for-stm32.11.3.rel1.win32_1.1.0.202305231506/tools/bin/../lib/gcc/arm-none-eabi/11.3.1/../../../../arm-none-eabi/lib/thumb/v7e-m+fp/hard\libc_nano.a(libc_a-memset.o)
                              C:/ST/STM32CubeIDE_1.12.1/STM32CubeIDE/plugins/com.st.stm32cube.ide.mcu.externaltools.gnu-tools-for-stm32.11.3.rel1.win32_1.1.0.202305231506/tools/bin/../lib/gcc/arm-none-eabi/11.3.1/../../../../arm-none-eabi/lib/thumb/v7e-m+fp/hard/crt0.o (memset)
C:/ST/STM32CubeIDE_1.12.1/STM32CubeIDE/plugins/com.st.stm32cube.ide.mcu.externaltools.gnu-tools-for-stm32.11.3.rel1.win32_1.1.0.202305231506/tools/bin/../lib/gcc/arm-none-eabi/11.3.1/../../../../arm-none-eabi/lib/thumb/v7e-m+fp/hard\libc_nano.a(libc_a-closer.o)
                              C:/ST/STM32CubeIDE_1.12.1/STM32CubeIDE/plugins/com.st.stm32cube.ide.mcu.externaltools.gnu-tools-for-stm32.11.3.rel1.win32_1.1.0.202305231506/tools/bin/../lib/gcc/arm-none-eabi/11.3.1/../../../../arm-none-eabi/lib/thumb/v7e-m+fp/hard\libc_nano.a(libc_a-stdio.o) (_close_r)
C:/ST/STM32CubeIDE_1.12.1/STM32CubeIDE/plugins/com.st.stm32cube.ide.mcu.externaltools.gnu-tools-for-stm32.11.3.rel1.win32_1.1.0.202305231506/tools/bin/../lib/gcc/arm-none-eabi/11.3.1/../../../../arm-none-eabi/lib/thumb/v7e-m+fp/hard\libc_nano.a(libc_a-reent.o)
                              C:/ST/STM32CubeIDE_1.12.1/STM32CubeIDE/plugins/com.st.stm32cube.ide.mcu.externaltools.gnu-tools-for-stm32.11.3.rel1.win32_1.1.0.202305231506/tools/bin/../lib/gcc/arm-none-eabi/11.3.1/../../../../arm-none-eabi/lib/thumb/v7e-m+fp/hard\libc_nano.a(libc_a-closer.o) (errno)
C:/ST/STM32CubeIDE_1.12.1/STM32CubeIDE/plugins/com.st.stm32cube.ide.mcu.externaltools.gnu-tools-for-stm32.11.3.rel1.win32_1.1.0.202305231506/tools/bin/../lib/gcc/arm-none-eabi/11.3.1/../../../../arm-none-eabi/lib/thumb/v7e-m+fp/hard\libc_nano.a(libc_a-impure.o)
                              C:/ST/STM32CubeIDE_1.12.1/STM32CubeIDE/plugins/com.st.stm32cube.ide.mcu.externaltools.gnu-tools-for-stm32.11.3.rel1.win32_1.1.0.202305231506/tools/bin/../lib/gcc/arm-none-eabi/11.3.1/../../../../arm-none-eabi/lib/thumb/v7e-m+fp/hard\libc_nano.a(libc_a-sprintf.o) (_impure_ptr)
[...]
Memory Configuration

Name             Origin             Length             Attributes
CCMRAM           0x0000000010000000 0x0000000000001000 xrw
RAM              0x0000000020000000 0x0000000000003000 xrw
FLASH            0x0000000008000000 0x0000000000010000 xr
*default*        0x0000000000000000 0xffffffffffffffff

Linker script and memory map

LOAD C:/ST/STM32CubeIDE_1.12.1/STM32CubeIDE/plugins/com.st.stm32cube.ide.mcu.externaltools.gnu-tools-for-stm32.11.3.rel1.win32_1.1.0.202305231506/tools/bin/../lib/gcc/arm-none-eabi/11.3.1/thumb/v7e-m+fp/hard/crti.o
LOAD C:/ST/STM32CubeIDE_1.12.1/STM32CubeIDE/plugins/com.st.stm32cube.ide.mcu.externaltools.gnu-tools-for-stm32.11.3.rel1.win32_1.1.0.202305231506/tools/bin/../lib/gcc/arm-none-eabi/11.3.1/thumb/v7e-m+fp/hard/crtbegin.o
LOAD C:/ST/STM32CubeIDE_1.12.1/STM32CubeIDE/plugins/com.st.stm32cube.ide.mcu.externaltools.gnu-tools-for-stm32.11.3.rel1.win32_1.1.0.202305231506/tools/bin/../lib/gcc/arm-none-eabi/11.3.1/../../../../arm-none-eabi/lib/thumb/v7e-m+fp/hard/crt0.o
LOAD ./Core/Src/main.o
LOAD ./Core/Src/stm32f3xx_hal_msp.o
LOAD ./Core/Src/stm32f3xx_it.o
LOAD ./Core/Src/syscalls.o
LOAD ./Core/Src/sysmem.o
LOAD ./Core/Src/system_stm32f3xx.o
LOAD ./Core/Startup/startup_stm32f303k8tx.o
LOAD ./Drivers/STM32F3xx_HAL_Driver/Src/stm32f3xx_hal.o
LOAD ./Drivers/STM32F3xx_HAL_Driver/Src/stm32f3xx_hal_adc.o
LOAD ./Drivers/STM32F3xx_HAL_Driver/Src/stm32f3xx_hal_adc_ex.o
LOAD ./Drivers/STM32F3xx_HAL_Driver/Src/stm32f3xx_hal_cortex.o
LOAD ./Drivers/STM32F3xx_HAL_Driver/Src/stm32f3xx_hal_dma.o
LOAD ./Drivers/STM32F3xx_HAL_Driver/Src/stm32f3xx_hal_exti.o
LOAD ./Drivers/STM32F3xx_HAL_Driver/Src/stm32f3xx_hal_flash.o
LOAD ./Drivers/STM32F3xx_HAL_Driver/Src/stm32f3xx_hal_flash_ex.o
LOAD ./Drivers/STM32F3xx_HAL_Driver/Src/stm32f3xx_hal_gpio.o
LOAD ./Drivers/STM32F3xx_HAL_Driver/Src/stm32f3xx_hal_i2c.o
LOAD ./Drivers/STM32F3xx_HAL_Driver/Src/stm32f3xx_hal_i2c_ex.o
LOAD ./Drivers/STM32F3xx_HAL_Driver/Src/stm32f3xx_hal_pwr.o
LOAD ./Drivers/STM32F3xx_HAL_Driver/Src/stm32f3xx_hal_pwr_ex.o
LOAD ./Drivers/STM32F3xx_HAL_Driver/Src/stm32f3xx_hal_rcc.o
LOAD ./Drivers/STM32F3xx_HAL_Driver/Src/stm32f3xx_hal_rcc_ex.o
LOAD ./Drivers/STM32F3xx_HAL_Driver/Src/stm32f3xx_hal_tim.o
LOAD ./Drivers/STM32F3xx_HAL_Driver/Src/stm32f3xx_hal_tim_ex.o
LOAD ./Drivers/STM32F3xx_HAL_Driver/Src/stm32f3xx_hal_uart.o
LOAD ./Drivers/STM32F3xx_HAL_Driver/Src/stm32f3xx_hal_uart_ex.o
START GROUP
LOAD C:/ST/STM32CubeIDE_1.12.1/STM32CubeIDE/plugins/com.st.stm32cube.ide.mcu.externaltools.gnu-tools-for-stm32.11.3.rel1.win32_1.1.0.202305231506/tools/bin/../lib/gcc/arm-none-eabi/11.3.1/../../../../arm-none-eabi/lib/thumb/v7e-m+fp/hard\libc_nano.a
LOAD C:/ST/STM32CubeIDE_1.12.1/STM32CubeIDE/plugins/com.st.stm32cube.ide.mcu.externaltools.gnu-tools-for-stm32.11.3.rel1.win32_1.1.0.202305231506/tools/bin/../lib/gcc/arm-none-eabi/11.3.1/../../../../arm-none-eabi/lib/thumb/v7e-m+fp/hard\libm.a
END GROUP
START GROUP
LOAD C:/ST/STM32CubeIDE_1.12.1/STM32CubeIDE/plugins/com.st.stm32cube.ide.mcu.externaltools.gnu-tools-for-stm32.11.3.rel1.win32_1.1.0.202305231506/tools/bin/../lib/gcc/arm-none-eabi/11.3.1/thumb/v7e-m+fp/hard\libgcc.a
LOAD C:/ST/STM32CubeIDE_1.12.1/STM32CubeIDE/plugins/com.st.stm32cube.ide.mcu.externaltools.gnu-tools-for-stm32.11.3.rel1.win32_1.1.0.202305231506/tools/bin/../lib/gcc/arm-none-eabi/11.3.1/../../../../arm-none-eabi/lib/thumb/v7e-m+fp/hard\libc_nano.a
END GROUP
START GROUP
LOAD C:/ST/STM32CubeIDE_1.12.1/STM32CubeIDE/plugins/com.st.stm32cube.ide.mcu.externaltools.gnu-tools-for-stm32.11.3.rel1.win32_1.1.0.202305231506/tools/bin/../lib/gcc/arm-none-eabi/11.3.1/thumb/v7e-m+fp/hard\libgcc.a
LOAD C:/ST/STM32CubeIDE_1.12.1/STM32CubeIDE/plugins/com.st.stm32cube.ide.mcu.externaltools.gnu-tools-for-stm32.11.3.rel1.win32_1.1.0.202305231506/tools/bin/../lib/gcc/arm-none-eabi/11.3.1/../../../../arm-none-eabi/lib/thumb/v7e-m+fp/hard\libc_nano.a
LOAD C:/ST/STM32CubeIDE_1.12.1/STM32CubeIDE/plugins/com.st.stm32cube.ide.mcu.externaltools.gnu-tools-for-stm32.11.3.rel1.win32_1.1.0.202305231506/tools/bin/../lib/gcc/arm-none-eabi/11.3.1/../../../../arm-none-eabi/lib/thumb/v7e-m+fp/hard\libnosys.a
END GROUP
START GROUP
LOAD C:/ST/STM32CubeIDE_1.12.1/STM32CubeIDE/plugins/com.st.stm32cube.ide.mcu.externaltools.gnu-tools-for-stm32.11.3.rel1.win32_1.1.0.202305231506/tools/bin/../lib/gcc/arm-none-eabi/11.3.1/thumb/v7e-m+fp/hard\libgcc.a
LOAD C:/ST/STM32CubeIDE_1.12.1/STM32CubeIDE/plugins/com.st.stm32cube.ide.mcu.externaltools.gnu-tools-for-stm32.11.3.rel1.win32_1.1.0.202305231506/tools/bin/../lib/gcc/arm-none-eabi/11.3.1/../../../../arm-none-eabi/lib/thumb/v7e-m+fp/hard\libc_nano.a
LOAD C:/ST/STM32CubeIDE_1.12.1/STM32CubeIDE/plugins/com.st.stm32cube.ide.mcu.externaltools.gnu-tools-for-stm32.11.3.rel1.win32_1.1.0.202305231506/tools/bin/../lib/gcc/arm-none-eabi/11.3.1/../../../../arm-none-eabi/lib/thumb/v7e-m+fp/hard\libnosys.a
END GROUP
LOAD C:/ST/STM32CubeIDE_1.12.1/STM32CubeIDE/plugins/com.st.stm32cube.ide.mcu.externaltools.gnu-tools-for-stm32.11.3.rel1.win32_1.1.0.202305231506/tools/bin/../lib/gcc/arm-none-eabi/11.3.1/thumb/v7e-m+fp/hard/crtend.o
LOAD C:/ST/STM32CubeIDE_1.12.1/STM32CubeIDE/plugins/com.st.stm32cube.ide.mcu.externaltools.gnu-tools-for-stm32.11.3.rel1.win32_1.1.0.202305231506/tools/bin/../lib/gcc/arm-none-eabi/11.3.1/thumb/v7e-m+fp/hard/crtn.o
                0x0000000020003000                _estack = (ORIGIN (RAM) + LENGTH (RAM))
                0x0000000000000200                _Min_Heap_Size = 0x200
                0x0000000000000400                _Min_Stack_Size = 0x400

.isr_vector     0x0000000008000000      0x188
                0x0000000008000000                . = ALIGN (0x4)
 *(.isr_vector)
 .isr_vector    0x0000000008000000      0x188 ./Core/Startup/startup_stm32f303k8tx.o
                0x0000000008000000                g_pfnVectors
                0x0000000008000188                . = ALIGN (0x4)

.text           0x0000000008000188     0x45c8
                0x0000000008000188                . = ALIGN (0x4)
 *(.text)
 .text          0x0000000008000188       0x40 C:/ST/STM32CubeIDE_1.12.1/STM32CubeIDE/plugins/com.st.stm32cube.ide.mcu.externaltools.gnu-tools-for-stm32.11.3.rel1.win32_1.1.0.202305231506/tools/bin/../lib/gcc/arm-none-eabi/11.3.1/thumb/v7e-m+fp/hard/crtbegin.o
 *(.text*)
 .text.HAL_UART_RxCpltCallback
                0x00000000080001c8       0x5c ./Core/Src/main.o
                0x00000000080001c8                HAL_UART_RxCpltCallback
 .text.main     0x0000000008000224       0x70 ./Core/Src/main.o
                0x0000000008000224                main
 .text.SystemClock_Config
                0x0000000008000294       0xb6 ./Core/Src/main.o
                0x0000000008000294                SystemClock_Config
 *fill*         0x000000000800034a        0x2 
 .text.MX_ADC1_Init
                0x000000000800034c       0xe0 ./Core/Src/main.o
 .text.MX_USART1_UART_Init
                0x000000000800042c       0x60 ./Core/Src/main.o
 .text.MX_USART2_UART_Init
                0x000000000800048c       0x60 ./Core/Src/main.o
 .text.MX_GPIO_Init
                0x00000000080004ec       0x7c ./Core/Src/main.o
 .text.Error_Handler
                0x0000000008000568        0xa ./Core/Src/main.o
                0x0000000008000568                Error_Handler
 *fill*         0x0000000008000572        0x2 
 .text.HAL_MspInit
                0x0000000008000574       0x48 ./Core/Src/stm32f3xx_hal_msp.o
                0x0000000008000574                HAL_MspInit
 .text.HAL_ADC_MspInit
                0x00000000080005bc       0x78 ./Core/Src/stm32f3xx_hal_msp.o
                0x00000000080005bc                HAL_ADC_MspInit
 .text.HAL_UART_MspInit
                0x0000000008000634      0x12c ./Core/Src/stm32f3xx_hal_msp.o
                0x0000000008000634                HAL_UART_MspInit
 .text.NMI_Handler
                0x0000000008000760        0x6 ./Core/Src/stm32f3xx_it.o
                0x0000000008000760                NMI_Handler
 .text.HardFault_Handler
                0x0000000008000766        0x6 ./Core/Src/stm32f3xx_it.o
                0x0000000008000766                HardFault_Handler
 .text.MemManage_Handler
                0x000000000800076c        0x6 ./Core/Src/stm32f3xx_it.o
                0x000000000800076c                MemManage_Handler
 .text.BusFault_Handler
                0x0000000008000772        0x6 ./Core/Src/stm32f3xx_it.o
                0x0000000008000772                BusFault_Handler
 .text.UsageFault_Handler
                0x0000000008000778        0x6 ./Core/Src/stm32f3xx_it.o
                0x0000000008000778                UsageFault_Handler
 .text.SVC_Handler
                0x000000000800077e        0xe ./Core/Src/stm32f3xx_it.o
                0x000000000800077e                SVC_Handler
 .text.DebugMon_Handler
                0x000000000800078c        0xe ./Core/Src/stm32f3xx_it.o
                0x000000000800078c                DebugMon_Handler
 .text.PendSV_Handler
                0x000000000800079a        0xe ./Core/Src/stm32f3xx_it.o
                0x000000000800079a                PendSV_Handler
 .text.SysTick_Handler
                0x00000000080007a8        0xc ./Core/Src/stm32f3xx_it.o
                0x00000000080007a8                SysTick_Handler
 .text.USART1_IRQHandler
                0x00000000080007b4       0x14 ./Core/Src/stm32f3xx_it.o
                0x00000000080007b4                USART1_IRQHandler
 .text.USART2_IRQHandler
                0x00000000080007c8       0x14 ./Core/Src/stm32f3xx_it.o
                0x00000000080007c8                USART2_IRQHandler
 .text.SystemInit
                0x00000000080007dc       0x24 ./Core/Src/system_stm32f3xx.o
                0x00000000080007dc                SystemInit
 .text.Reset_Handler
                0x0000000008000800       0x50 ./Core/Startup/startup_stm32f303k8tx.o
                0x0000000008000800                Reset_Handler
 .text.Default_Handler
                0x0000000008000850        0x2 ./Core/Startup/startup_stm32f303k8tx.o
                0x0000000008000850                RTC_Alarm_IRQHandler
                0x0000000008000850                TIM1_CC_IRQHandler
                0x0000000008000850                PVD_IRQHandler
                0x0000000008000850                TAMP_STAMP_IRQHandler
                0x0000000008000850                EXTI3_IRQHandler
                0x0000000008000850                EXTI0_IRQHandler
                0x0000000008000850                FPU_IRQHandler
                0x0000000008000850                CAN_TX_IRQHandler
                0x0000000008000850                TIM1_UP_TIM16_IRQHandler
                0x0000000008000850                ADC1_2_IRQHandler
                0x0000000008000850                SPI1_IRQHandler
                0x0000000008000850                CAN_SCE_IRQHandler
                0x0000000008000850                DMA1_Channel4_IRQHandler
                0x0000000008000850                USART3_IRQHandler
                0x0000000008000850                DMA1_Channel7_IRQHandler
                0x0000000008000850                TIM7_DAC2_IRQHandler
                0x0000000008000850                CAN_RX1_IRQHandler
                0x0000000008000850                I2C1_EV_IRQHandler
                0x0000000008000850                DMA1_Channel6_IRQHandler
                0x0000000008000850                TIM3_IRQHandler
                0x0000000008000850                RCC_IRQHandler
                0x0000000008000850                DMA1_Channel1_IRQHandler
                0x0000000008000850                Default_Handler
                0x0000000008000850                EXTI15_10_IRQHandler
                0x0000000008000850                COMP2_IRQHandler
                0x0000000008000850                TIM6_DAC1_IRQHandler
                0x0000000008000850                EXTI9_5_IRQHandler
                0x0000000008000850                RTC_WKUP_IRQHandler
                0x0000000008000850                DMA1_Channel5_IRQHandler
                0x0000000008000850                EXTI4_IRQHandler
                0x0000000008000850                TIM1_TRG_COM_TIM17_IRQHandler
                0x0000000008000850                DMA1_Channel3_IRQHandler
                0x0000000008000850                WWDG_IRQHandler
                0x0000000008000850                TIM2_IRQHandler
                0x0000000008000850                EXTI1_IRQHandler
                0x0000000008000850                COMP4_6_IRQHandler
                0x0000000008000850                DMA1_Channel2_IRQHandler
                0x0000000008000850                FLASH_IRQHandler
                0x0000000008000850                CAN_RX0_IRQHandler
                0x0000000008000850                I2C1_ER_IRQHandler
                0x0000000008000850                EXTI2_TSC_IRQHandler
                0x0000000008000850                TIM1_BRK_TIM15_IRQHandler
 *fill*         0x0000000008000852        0x2 
 .text.HAL_Init
                0x0000000008000854       0x2c ./Drivers/STM32F3xx_HAL_Driver/Src/stm32f3xx_hal.o
                0x0000000008000854                HAL_Init
 .text.HAL_InitTick
                0x0000000008000880       0x60 ./Drivers/STM32F3xx_HAL_Driver/Src/stm32f3xx_hal.o
                0x0000000008000880                HAL_InitTick
 .text.HAL_IncTick
                0x00000000080008e0       0x28 ./Drivers/STM32F3xx_HAL_Driver/Src/stm32f3xx_hal.o
                0x00000000080008e0                HAL_IncTick
 .text.HAL_GetTick
                0x0000000008000908       0x18 ./Drivers/STM32F3xx_HAL_Driver/Src/stm32f3xx_hal.o
                0x0000000008000908                HAL_GetTick
 .text.HAL_Delay
                0x0000000008000920       0x48 ./Drivers/STM32F3xx_HAL_Driver/Src/stm32f3xx_hal.o
                0x0000000008000920                HAL_Delay
 .text.HAL_ADC_Init
                0x0000000008000968      0x324 ./Drivers/STM32F3xx_HAL_Driver/Src/stm32f3xx_hal_adc_ex.o
                0x0000000008000968                HAL_ADC_Init
 .text.HAL_ADC_ConfigChannel
                0x0000000008000c8c      0x57c ./Drivers/STM32F3xx_HAL_Driver/Src/stm32f3xx_hal_adc_ex.o
                0x0000000008000c8c                HAL_ADC_ConfigChannel
 .text.HAL_ADCEx_MultiModeConfigChannel
                0x0000000008001208      0x18c ./Drivers/STM32F3xx_HAL_Driver/Src/stm32f3xx_hal_adc_ex.o
                0x0000000008001208                HAL_ADCEx_MultiModeConfigChannel
 .text.ADC_Disable
                0x0000000008001394       0xcc ./Drivers/STM32F3xx_HAL_Driver/Src/stm32f3xx_hal_adc_ex.o
 .text.__NVIC_SetPriorityGrouping
                0x0000000008001460       0x48 ./Drivers/STM32F3xx_HAL_Driver/Src/stm32f3xx_hal_cortex.o
 .text.__NVIC_GetPriorityGrouping
                0x00000000080014a8       0x1c ./Drivers/STM32F3xx_HAL_Driver/Src/stm32f3xx_hal_cortex.o
 .text.__NVIC_EnableIRQ
                0x00000000080014c4       0x3c ./Drivers/STM32F3xx_HAL_Driver/Src/stm32f3xx_hal_cortex.o
 .text.__NVIC_SetPriority
                0x0000000008001500       0x54 ./Drivers/STM32F3xx_HAL_Driver/Src/stm32f3xx_hal_cortex.o
 .text.NVIC_EncodePriority
                0x0000000008001554       0x66 ./Drivers/STM32F3xx_HAL_Driver/Src/stm32f3xx_hal_cortex.o
 *fill*         0x00000000080015ba        0x2 
 .text.SysTick_Config
                0x00000000080015bc       0x44 ./Drivers/STM32F3xx_HAL_Driver/Src/stm32f3xx_hal_cortex.o
 .text.HAL_NVIC_SetPriorityGrouping
                0x0000000008001600       0x16 ./Drivers/STM32F3xx_HAL_Driver/Src/stm32f3xx_hal_cortex.o
                0x0000000008001600                HAL_NVIC_SetPriorityGrouping
 .text.HAL_NVIC_SetPriority
                0x0000000008001616       0x38 ./Drivers/STM32F3xx_HAL_Driver/Src/stm32f3xx_hal_cortex.o
                0x0000000008001616                HAL_NVIC_SetPriority
 .text.HAL_NVIC_EnableIRQ
                0x000000000800164e       0x1c ./Drivers/STM32F3xx_HAL_Driver/Src/stm32f3xx_hal_cortex.o
                0x000000000800164e                HAL_NVIC_EnableIRQ
 .text.HAL_SYSTICK_Config
                0x000000000800166a       0x18 ./Drivers/STM32F3xx_HAL_Driver/Src/stm32f3xx_hal_cortex.o
                0x000000000800166a                HAL_SYSTICK_Config
 .text.HAL_DMA_Abort
                0x0000000008001682       0x72 ./Drivers/STM32F3xx_HAL_Driver/Src/stm32f3xx_hal_dma.o
                0x0000000008001682                HAL_DMA_Abort
 .text.HAL_DMA_Abort_IT
                0x00000000080016f4       0x7c ./Drivers/STM32F3xx_HAL_Driver/Src/stm32f3xx_hal_dma.o
                0x00000000080016f4                HAL_DMA_Abort_IT
 .text.HAL_GPIO_Init
                0x0000000008001770      0x2e4 ./Drivers/STM32F3xx_HAL_Driver/Src/stm32f3xx_hal_gpio.o
                0x0000000008001770                HAL_GPIO_Init
 .text.HAL_GPIO_WritePin
                0x0000000008001a54       0x30 ./Drivers/STM32F3xx_HAL_Driver/Src/stm32f3xx_hal_gpio.o
                0x0000000008001a54                HAL_GPIO_WritePin
 .text.HAL_RCC_OscConfig
                0x0000000008001a84     0x107c ./Drivers/STM32F3xx_HAL_Driver/Src/stm32f3xx_hal_rcc.o
                0x0000000008001a84                HAL_RCC_OscConfig
 .text.HAL_RCC_ClockConfig
                0x0000000008002b00      0x2f8 ./Drivers/STM32F3xx_HAL_Driver/Src/stm32f3xx_hal_rcc.o
                0x0000000008002b00                HAL_RCC_ClockConfig
 .text.HAL_RCC_GetSysClockFreq
                0x0000000008002df8       0xd4 ./Drivers/STM32F3xx_HAL_Driver/Src/stm32f3xx_hal_rcc.o
                0x0000000008002df8                HAL_RCC_GetSysClockFreq
 .text.HAL_RCC_GetHCLKFreq
                0x0000000008002ecc       0x18 ./Drivers/STM32F3xx_HAL_Driver/Src/stm32f3xx_hal_rcc.o
                0x0000000008002ecc                HAL_RCC_GetHCLKFreq
 .text.HAL_RCC_GetPCLK1Freq
                0x0000000008002ee4       0x44 ./Drivers/STM32F3xx_HAL_Driver/Src/stm32f3xx_hal_rcc.o
                0x0000000008002ee4                HAL_RCC_GetPCLK1Freq
 .text.HAL_RCC_GetPCLK2Freq
                0x0000000008002f28       0x44 ./Drivers/STM32F3xx_HAL_Driver/Src/stm32f3xx_hal_rcc.o
                0x0000000008002f28                HAL_RCC_GetPCLK2Freq
 .text.HAL_RCCEx_PeriphCLKConfig
                0x0000000008002f6c      0x24c ./Drivers/STM32F3xx_HAL_Driver/Src/stm32f3xx_hal_rcc_ex.o
                0x0000000008002f6c                HAL_RCCEx_PeriphCLKConfig
 .text.HAL_UART_Init
                0x00000000080031b8       0x9c ./Drivers/STM32F3xx_HAL_Driver/Src/stm32f3xx_hal_uart.o
                0x00000000080031b8                HAL_UART_Init
 .text.HAL_UART_Receive_IT
                0x0000000008003254       0x88 ./Drivers/STM32F3xx_HAL_Driver/Src/stm32f3xx_hal_uart.o
                0x0000000008003254                HAL_UART_Receive_IT
 .text.HAL_UART_AbortReceive_IT
                0x00000000080032dc      0x190 ./Drivers/STM32F3xx_HAL_Driver/Src/stm32f3xx_hal_uart.o
                0x00000000080032dc                HAL_UART_AbortReceive_IT
 .text.HAL_UART_IRQHandler
                0x000000000800346c      0x5cc ./Drivers/STM32F3xx_HAL_Driver/Src/stm32f3xx_hal_uart.o
                0x000000000800346c                HAL_UART_IRQHandler
 .text.HAL_UART_TxCpltCallback
                0x0000000008003a38       0x14 ./Drivers/STM32F3xx_HAL_Driver/Src/stm32f3xx_hal_uart.o
                0x0000000008003a38                HAL_UART_TxCpltCallback
 .text.HAL_UART_ErrorCallback
                0x0000000008003a4c       0x14 ./Drivers/STM32F3xx_HAL_Driver/Src/stm32f3xx_hal_uart.o
                0x0000000008003a4c                HAL_UART_ErrorCallback
 .text.HAL_UART_AbortReceiveCpltCallback
                0x0000000008003a60       0x14 ./Drivers/STM32F3xx_HAL_Driver/Src/stm32f3xx_hal_uart.o
                0x0000000008003a60                HAL_UART_AbortReceiveCpltCallback
 .text.HAL_UARTEx_RxEventCallback
                0x0000000008003a74       0x18 ./Drivers/STM32F3xx_HAL_Driver/Src/stm32f3xx_hal_uart.o
                0x0000000008003a74                HAL_UARTEx_RxEventCallback
 .text.UART_SetConfig
                0x0000000008003a8c      0x26c ./Drivers/STM32F3xx_HAL_Driver/Src/stm32f3xx_hal_uart.o
                0x0000000008003a8c                UART_SetConfig
 .text.UART_AdvFeatureConfig
                0x0000000008003cf8      0x144 ./Drivers/STM32F3xx_HAL_Driver/Src/stm32f3xx_hal_uart.o
                0x0000000008003cf8                UART_AdvFeatureConfig
 .text.UART_CheckIdleState
                0x0000000008003e3c      0x150 ./Drivers/STM32F3xx_HAL_Driver/Src/stm32f3xx_hal_uart.o
                0x0000000008003e3c                UART_CheckIdleState
 .text.UART_WaitOnFlagUntilTimeout
                0x0000000008003f8c       0xce ./Drivers/STM32F3xx_HAL_Driver/Src/stm32f3xx_hal_uart.o
                0x0000000008003f8c                UART_WaitOnFlagUntilTimeout
 *fill*         0x000000000800405a        0x2 
 .text.UART_Start_Receive_IT
                0x000000000800405c      0x18c ./Drivers/STM32F3xx_HAL_Driver/Src/stm32f3xx_hal_uart.o
                0x000000000800405c                UART_Start_Receive_IT
 .text.UART_EndRxTransfer
                0x00000000080041e8       0xc8 ./Drivers/STM32F3xx_HAL_Driver/Src/stm32f3xx_hal_uart.o
 .text.UART_DMAAbortOnError
                0x00000000080042b0       0x2c ./Drivers/STM32F3xx_HAL_Driver/Src/stm32f3xx_hal_uart.o
 .text.UART_DMARxOnlyAbortCallback
                0x00000000080042dc       0x4a ./Drivers/STM32F3xx_HAL_Driver/Src/stm32f3xx_hal_uart.o
 .text.UART_EndTransmit_IT
                0x0000000008004326       0x54 ./Drivers/STM32F3xx_HAL_Driver/Src/stm32f3xx_hal_uart.o
 .text.UART_RxISR_8BIT
                0x000000000800437a      0x1a8 ./Drivers/STM32F3xx_HAL_Driver/Src/stm32f3xx_hal_uart.o
 .text.UART_RxISR_16BIT
                0x0000000008004522      0x1a8 ./Drivers/STM32F3xx_HAL_Driver/Src/stm32f3xx_hal_uart.o
 .text.HAL_UARTEx_WakeupCallback
                0x00000000080046ca       0x14 ./Drivers/STM32F3xx_HAL_Driver/Src/stm32f3xx_hal_uart_ex.o
                0x00000000080046ca                HAL_UARTEx_WakeupCallback
 .text.memset   0x00000000080046de       0x10 C:/ST/STM32CubeIDE_1.12.1/STM32CubeIDE/plugins/com.st.stm32cube.ide.mcu.externaltools.gnu-tools-for-stm32.11.3.rel1.win32_1.1.0.202305231506/tools/bin/../lib/gcc/arm-none-eabi/11.3.1/../../../../arm-none-eabi/lib/thumb/v7e-m+fp/hard\libc_nano.a(libc_a-memset.o)
                0x00000000080046de                memset
 *fill*         0x00000000080046ee        0x2 
 .text.__libc_init_array
                0x00000000080046f0       0x48 C:/ST/STM32CubeIDE_1.12.1/STM32CubeIDE/plugins/com.st.stm32cube.ide.mcu.externaltools.gnu-tools-for-stm32.11.3.rel1.win32_1.1.0.202305231506/tools/bin/../lib/gcc/arm-none-eabi/11.3.1/../../../../arm-none-eabi/lib/thumb/v7e-m+fp/hard\libc_nano.a(libc_a-init.o)
                0x00000000080046f0                __libc_init_array
 *(.glue_7)
 .glue_7        0x0000000008004738        0x0 linker stubs
 *(.glue_7t)
 .glue_7t       0x0000000008004738        0x0 linker stubs
 *(.eh_frame)
 .eh_frame      0x0000000008004738        0x0 C:/ST/STM32CubeIDE_1.12.1/STM32CubeIDE/plugins/com.st.stm32cube.ide.mcu.externaltools.gnu-tools-for-stm32.11.3.rel1.win32_1.1.0.202305231506/tools/bin/../lib/gcc/arm-none-eabi/11.3.1/thumb/v7e-m+fp/hard/crtbegin.o
 *(.init)
 .init          0x0000000008004738        0x4 C:/ST/STM32CubeIDE_1.12.1/STM32CubeIDE/plugins/com.st.stm32cube.ide.mcu.externaltools.gnu-tools-for-stm32.11.3.rel1.win32_1.1.0.202305231506/tools/bin/../lib/gcc/arm-none-eabi/11.3.1/thumb/v7e-m+fp/hard/crti.o
                0x0000000008004738                _init
 .init          0x000000000800473c        0x8 C:/ST/STM32CubeIDE_1.12.1/STM32CubeIDE/plugins/com.st.stm32cube.ide.mcu.externaltools.gnu-tools-for-stm32.11.3.rel1.win32_1.1.0.202305231506/tools/bin/../lib/gcc/arm-none-eabi/11.3.1/thumb/v7e-m+fp/hard/crtn.o
 *(.fini)
 .fini          0x0000000008004744        0x4 C:/ST/STM32CubeIDE_1.12.1/STM32CubeIDE/plugins/com.st.stm32cube.ide.mcu.externaltools.gnu-tools-for-stm32.11.3.rel1.win32_1.1.0.202305231506/tools/bin/../lib/gcc/arm-none-eabi/11.3.1/thumb/v7e-m+fp/hard/crti.o
                0x0000000008004744                _fini
 .fini          0x0000000008004748        0x8 C:/ST/STM32CubeIDE_1.12.1/STM32CubeIDE/plugins/com.st.stm32cube.ide.mcu.externaltools.gnu-tools-for-stm32.11.3.rel1.win32_1.1.0.202305231506/tools/bin/../lib/gcc/arm-none-eabi/11.3.1/thumb/v7e-m+fp/hard/crtn.o
                0x0000000008004750                . = ALIGN (0x4)
                0x0000000008004750                _etext = .

.vfp11_veneer   0x0000000008004750        0x0
 .vfp11_veneer  0x0000000008004750        0x0 linker stubs

.v4_bx          0x0000000008004750        0x0
 .v4_bx         0x0000000008004750        0x0 linker stubs

.iplt           0x0000000008004750        0x0
 .iplt          0x0000000008004750        0x0 C:/ST/STM32CubeIDE_1.12.1/STM32CubeIDE/plugins/com.st.stm32cube.ide.mcu.externaltools.gnu-tools-for-stm32.11.3.rel1.win32_1.1.0.202305231506/tools/bin/../lib/gcc/arm-none-eabi/11.3.1/thumb/v7e-m+fp/hard/crtbegin.o

.rodata         0x0000000008004750       0x38
                0x0000000008004750                . = ALIGN (0x4)
 *(.rodata)
 *(.rodata*)
 .rodata.AHBPrescTable
                0x0000000008004750       0x10 ./Core/Src/system_stm32f3xx.o
                0x0000000008004750                AHBPrescTable
 .rodata.APBPrescTable
                0x0000000008004760        0x8 ./Core/Src/system_stm32f3xx.o
                0x0000000008004760                APBPrescTable
 .rodata.aPLLMULFactorTable
                0x0000000008004768       0x10 ./Drivers/STM32F3xx_HAL_Driver/Src/stm32f3xx_hal_rcc.o
 .rodata.aPredivFactorTable
                0x0000000008004778       0x10 ./Drivers/STM32F3xx_HAL_Driver/Src/stm32f3xx_hal_rcc.o
                0x0000000008004788                . = ALIGN (0x4)

.rel.dyn        0x0000000008004788        0x0
 .rel.iplt      0x0000000008004788        0x0 C:/ST/STM32CubeIDE_1.12.1/STM32CubeIDE/plugins/com.st.stm32cube.ide.mcu.externaltools.gnu-tools-for-stm32.11.3.rel1.win32_1.1.0.202305231506/tools/bin/../lib/gcc/arm-none-eabi/11.3.1/thumb/v7e-m+fp/hard/crtbegin.o

.ARM.extab      0x0000000008004788        0x0
                0x0000000008004788                . = ALIGN (0x4)
 *(.ARM.extab* .gnu.linkonce.armextab.*)
                0x0000000008004788                . = ALIGN (0x4)

.ARM            0x0000000008004788        0x0
                0x0000000008004788                . = ALIGN (0x4)
                0x0000000008004788                __exidx_start = .
 *(.ARM.exidx*)
                0x0000000008004788                __exidx_end = .
                0x0000000008004788                . = ALIGN (0x4)

.preinit_array  0x0000000008004788        0x0
                0x0000000008004788                . = ALIGN (0x4)
                0x0000000008004788                PROVIDE (__preinit_array_start = .)
 *(.preinit_array*)
                0x0000000008004788                PROVIDE (__preinit_array_end = .)
                0x0000000008004788                . = ALIGN (0x4)

.init_array     0x0000000008004788        0x4
                0x0000000008004788                . = ALIGN (0x4)
                0x0000000008004788                PROVIDE (__init_array_start = .)
 *(SORT_BY_NAME(.init_array.*))
 *(.init_array*)
 .init_array    0x0000000008004788        0x4 C:/ST/STM32CubeIDE_1.12.1/STM32CubeIDE/plugins/com.st.stm32cube.ide.mcu.externaltools.gnu-tools-for-stm32.11.3.rel1.win32_1.1.0.202305231506/tools/bin/../lib/gcc/arm-none-eabi/11.3.1/thumb/v7e-m+fp/hard/crtbegin.o
                0x000000000800478c                PROVIDE (__init_array_end = .)
                0x000000000800478c                . = ALIGN (0x4)

.fini_array     0x000000000800478c        0x4
                0x000000000800478c                . = ALIGN (0x4)
                [!provide]                        PROVIDE (__fini_array_start = .)
 *(SORT_BY_NAME(.fini_array.*))
 *(.fini_array*)
 .fini_array    0x000000000800478c        0x4 C:/ST/STM32CubeIDE_1.12.1/STM32CubeIDE/plugins/com.st.stm32cube.ide.mcu.externaltools.gnu-tools-for-stm32.11.3.rel1.win32_1.1.0.202305231506/tools/bin/../lib/gcc/arm-none-eabi/11.3.1/thumb/v7e-m+fp/hard/crtbegin.o
                [!provide]                        PROVIDE (__fini_array_end = .)
                0x0000000008004790                . = ALIGN (0x4)
                0x0000000008004790                _sidata = LOADADDR (.data)

.data           0x0000000020000000        0xc load address 0x0000000008004790
                0x0000000020000000                . = ALIGN (0x4)
                0x0000000020000000                _sdata = .
 *(.data)
 *(.data*)
 .data.SystemCoreClock
                0x0000000020000000        0x4 ./Core/Src/system_stm32f3xx.o
                0x0000000020000000                SystemCoreClock
 .data.uwTickPrio
                0x0000000020000004        0x4 ./Drivers/STM32F3xx_HAL_Driver/Src/stm32f3xx_hal.o
                0x0000000020000004                uwTickPrio
 .data.uwTickFreq
                0x0000000020000008        0x1 ./Drivers/STM32F3xx_HAL_Driver/Src/stm32f3xx_hal.o
                0x0000000020000008                uwTickFreq
 *(.RamFunc)
 *(.RamFunc*)
                0x000000002000000c                . = ALIGN (0x4)
 *fill*         0x0000000020000009        0x3 
                0x000000002000000c                _edata = .
                0x000000000800479c                _siccmram = LOADADDR (.ccmram)

.igot.plt       0x000000002000000c        0x0 load address 0x000000000800479c
 .igot.plt      0x000000002000000c        0x0 C:/ST/STM32CubeIDE_1.12.1/STM32CubeIDE/plugins/com.st.stm32cube.ide.mcu.externaltools.gnu-tools-for-stm32.11.3.rel1.win32_1.1.0.202305231506/tools/bin/../lib/gcc/arm-none-eabi/11.3.1/thumb/v7e-m+fp/hard/crtbegin.o

.ccmram         0x0000000010000000        0x0 load address 0x000000000800479c
                0x0000000010000000                . = ALIGN (0x4)
                0x0000000010000000                _sccmram = .
 *(.ccmram)
 *(.ccmram*)
                0x0000000010000000                . = ALIGN (0x4)
                0x0000000010000000                _eccmram = .
                0x0000000010000000                . = ALIGN (0x4)

.bss            0x000000002000000c      0x580
                0x000000002000000c                _sbss = .
                0x000000002000000c                __bss_start__ = _sbss
 *(.bss)
 .bss           0x000000002000000c       0x1c C:/ST/STM32CubeIDE_1.12.1/STM32CubeIDE/plugins/com.st.stm32cube.ide.mcu.externaltools.gnu-tools-for-stm32.11.3.rel1.win32_1.1.0.202305231506/tools/bin/../lib/gcc/arm-none-eabi/11.3.1/thumb/v7e-m+fp/hard/crtbegin.o
 *(.bss*)
 .bss.rx_buffer
                0x0000000020000028      0x200 ./Core/Src/main.o
                0x0000000020000028                rx_buffer
 .bss.rxn_buffer
                0x0000000020000228      0x200 ./Core/Src/main.o
                0x0000000020000228                rxn_buffer
 .bss.hadc1     0x0000000020000428       0x50 ./Core/Src/main.o
                0x0000000020000428                hadc1
 .bss.huart1    0x0000000020000478       0x88 ./Core/Src/main.o
                0x0000000020000478                huart1
 .bss.huart2    0x0000000020000500       0x88 ./Core/Src/main.o
                0x0000000020000500                huart2
 .bss.uwTick    0x0000000020000588        0x4 ./Drivers/STM32F3xx_HAL_Driver/Src/stm32f3xx_hal.o
                0x0000000020000588                uwTick
 *(COMMON)
                0x000000002000058c                . = ALIGN (0x4)
                0x000000002000058c                _ebss = .
                0x000000002000058c                __bss_end__ = _ebss

._user_heap_stack
                0x000000002000058c      0x604
                0x0000000020000590                . = ALIGN (0x8)
 *fill*         0x000000002000058c        0x4 
                [!provide]                        PROVIDE (end = .)
                0x0000000020000590                PROVIDE (_end = .)
                0x0000000020000790                . = (. + _Min_Heap_Size)
 *fill*         0x0000000020000590      0x200 
                0x0000000020000b90                . = (. + _Min_Stack_Size)
 *fill*         0x0000000020000790      0x400 
                0x0000000020000b90                . = ALIGN (0x8)

/DISCARD/
 libc.a(*)
 libm.a(*)
 libgcc.a(*)

.ARM.attributes
                0x0000000000000000       0x30
 *(.ARM.attributes)
 .ARM.attributes
                0x0000000000000000       0x1e C:/ST/STM32CubeIDE_1.12.1/STM32CubeIDE/plugins/com.st.stm32cube.ide.mcu.externaltools.gnu-tools-for-stm32.11.3.rel1.win32_1.1.0.202305231506/tools/bin/../lib/gcc/arm-none-eabi/11.3.1/thumb/v7e-m+fp/hard/crti.o
 .ARM.attributes
                0x000000000000001e       0x34 C:/ST/STM32CubeIDE_1.12.1/STM32CubeIDE/plugins/com.st.stm32cube.ide.mcu.externaltools.gnu-tools-for-stm32.11.3.rel1.win32_1.1.0.202305231506/tools/bin/../lib/gcc/arm-none-eabi/11.3.1/thumb/v7e-m+fp/hard/crtbegin.o
 .ARM.attributes
                0x0000000000000052       0x34 ./Core/Src/main.o
 .ARM.attributes
                0x0000000000000086       0x34 ./Core/Src/stm32f3xx_hal_msp.o
 .ARM.attributes
                0x00000000000000ba       0x34 ./Core/Src/stm32f3xx_it.o
 .ARM.attributes
                0x00000000000000ee       0x34 ./Core/Src/system_stm32f3xx.o
 .ARM.attributes
                0x0000000000000122       0x21 ./Core/Startup/startup_stm32f303k8tx.o
 .ARM.attributes
                0x0000000000000143       0x34 ./Drivers/STM32F3xx_HAL_Driver/Src/stm32f3xx_hal.o
 .ARM.attributes
                0x0000000000000177       0x34 ./Drivers/STM32F3xx_HAL_Driver/Src/stm32f3xx_hal_adc_ex.o
 .ARM.attributes
                0x00000000000001ab       0x34 ./Drivers/STM32F3xx_HAL_Driver/Src/stm32f3xx_hal_cortex.o
 .ARM.attributes
                0x00000000000001df       0x34 ./Drivers/STM32F3xx_HAL_Driver/Src/stm32f3xx_hal_dma.o
 .ARM.attributes
                0x0000000000000213       0x34 ./Drivers/STM32F3xx_HAL_Driver/Src/stm32f3xx_hal_gpio.o
 .ARM.attributes
                0x0000000000000247       0x34 ./Drivers/STM32F3xx_HAL_Driver/Src/stm32f3xx_hal_rcc.o
 .ARM.attributes
                0x000000000000027b       0x34 ./Drivers/STM32F3xx_HAL_Driver/Src/stm32f3xx_hal_rcc_ex.o
 .ARM.attributes
                0x00000000000002af       0x34 ./Drivers/STM32F3xx_HAL_Driver/Src/stm32f3xx_hal_uart.o
 .ARM.attributes
                0x00000000000002e3       0x34 ./Drivers/STM32F3xx_HAL_Driver/Src/stm32f3xx_hal_uart_ex.o
 .ARM.attributes
                0x0000000000000317       0x34 C:/ST/STM32CubeIDE_1.12.1/STM32CubeIDE/plugins/com.st.stm32cube.ide.mcu.externaltools.gnu-tools-for-stm32.11.3.rel1.win32_1.1.0.202305231506/tools/bin/../lib/gcc/arm-none-eabi/11.3.1/../../../../arm-none-eabi/lib/thumb/v7e-m+fp/hard\libc_nano.a(libc_a-memset.o)
 .ARM.attributes
                0x000000000000034b       0x34 C:/ST/STM32CubeIDE_1.12.1/STM32CubeIDE/plugins/com.st.stm32cube.ide.mcu.externaltools.gnu-tools-for-stm32.11.3.rel1.win32_1.1.0.202305231506/tools/bin/../lib/gcc/arm-none-eabi/11.3.1/../../../../arm-none-eabi/lib/thumb/v7e-m+fp/hard\libc_nano.a(libc_a-init.o)
 .ARM.attributes
                0x000000000000037f       0x1e C:/ST/STM32CubeIDE_1.12.1/STM32CubeIDE/plugins/com.st.stm32cube.ide.mcu.externaltools.gnu-tools-for-stm32.11.3.rel1.win32_1.1.0.202305231506/tools/bin/../lib/gcc/arm-none-eabi/11.3.1/thumb/v7e-m+fp/hard/crtn.o
OUTPUT(Test connection.elf elf32-littlearm)
LOAD linker stubs
LOAD C:/ST/STM32CubeIDE_1.12.1/STM32CubeIDE/plugins/com.st.stm32cube.ide.mcu.externaltools.gnu-tools-for-stm32.11.3.rel1.win32_1.1.0.202305231506/tools/bin/../lib/gcc/arm-none-eabi/11.3.1/../../../../arm-none-eabi/lib/thumb/v7e-m+fp/hard\libc.a
LOAD C:/ST/STM32CubeIDE_1.12.1/STM32CubeIDE/plugins/com.st.stm32cube.ide.mcu.externaltools.gnu-tools-for-stm32.11.3.rel1.win32_1.1.0.202305231506/tools/bin/../lib/gcc/arm-none-eabi/11.3.1/../../../../arm-none-eabi/lib/thumb/v7e-m+fp/hard\libm.a
LOAD C:/ST/STM32CubeIDE_1.12.1/STM32CubeIDE/plugins/com.st.stm32cube.ide.mcu.externaltools.gnu-tools-for-stm32.11.3.rel1.win32_1.1.0.202305231506/tools/bin/../lib/gcc/arm-none-eabi/11.3.1/thumb/v7e-m+fp/hard\libgcc.a

.comment        0x0000000000000000       0x43
 .comment       0x0000000000000000       0x43 C:/ST/STM32CubeIDE_1.12.1/STM32CubeIDE/plugins/com.st.stm32cube.ide.mcu.externaltools.gnu-tools-for-stm32.11.3.rel1.win32_1.1.0.202305231506/tools/bin/../lib/gcc/arm-none-eabi/11.3.1/thumb/v7e-m+fp/hard/crtbegin.o
                                         0x44 (size before relaxing)
 .comment       0x0000000000000043       0x44 ./Core/Src/main.o
 .comment       0x0000000000000043       0x44 ./Core/Src/stm32f3xx_hal_msp.o
 .comment       0x0000000000000043       0x44 ./Core/Src/stm32f3xx_it.o
 .comment       0x0000000000000043       0x44 ./Core/Src/system_stm32f3xx.o
 .comment       0x0000000000000043       0x44 ./Drivers/STM32F3xx_HAL_Driver/Src/stm32f3xx_hal.o
 .comment       0x0000000000000043       0x44 ./Drivers/STM32F3xx_HAL_Driver/Src/stm32f3xx_hal_adc_ex.o
 .comment       0x0000000000000043       0x44 ./Drivers/STM32F3xx_HAL_Driver/Src/stm32f3xx_hal_cortex.o
 .comment       0x0000000000000043       0x44 ./Drivers/STM32F3xx_HAL_Driver/Src/stm32f3xx_hal_dma.o
 .comment       0x0000000000000043       0x44 ./Drivers/STM32F3xx_HAL_Driver/Src/stm32f3xx_hal_gpio.o
 .comment       0x0000000000000043       0x44 ./Drivers/STM32F3xx_HAL_Driver/Src/stm32f3xx_hal_rcc.o
 .comment       0x0000000000000043       0x44 ./Drivers/STM32F3xx_HAL_Driver/Src/stm32f3xx_hal_rcc_ex.o
 .comment       0x0000000000000043       0x44 ./Drivers/STM32F3xx_HAL_Driver/Src/stm32f3xx_hal_uart.o
 .comment       0x0000000000000043       0x44 ./Drivers/STM32F3xx_HAL_Driver/Src/stm32f3xx_hal_uart_ex.o

.debug_info     0x0000000000000000     0xc341
 .debug_info    0x0000000000000000     0x1387 ./Core/Src/main.o
 .debug_info    0x0000000000001387      0xf05 ./Core/Src/stm32f3xx_hal_msp.o
 .debug_info    0x000000000000228c      0x706 ./Core/Src/stm32f3xx_it.o
 .debug_info    0x0000000000002992      0x407 ./Core/Src/system_stm32f3xx.o
 .debug_info    0x0000000000002d99       0x23 ./Core/Startup/startup_stm32f303k8tx.o
 .debug_info    0x0000000000002dbc      0x74a ./Drivers/STM32F3xx_HAL_Driver/Src/stm32f3xx_hal.o
 .debug_info    0x0000000000003506     0x15b2 ./Drivers/STM32F3xx_HAL_Driver/Src/stm32f3xx_hal_adc_ex.o
 .debug_info    0x0000000000004ab8      0xa87 ./Drivers/STM32F3xx_HAL_Driver/Src/stm32f3xx_hal_cortex.o
 .debug_info    0x000000000000553f      0x6e1 ./Drivers/STM32F3xx_HAL_Driver/Src/stm32f3xx_hal_dma.o
 .debug_info    0x0000000000005c20      0x6a6 ./Drivers/STM32F3xx_HAL_Driver/Src/stm32f3xx_hal_gpio.o
 .debug_info    0x00000000000062c6     0x14f1 ./Drivers/STM32F3xx_HAL_Driver/Src/stm32f3xx_hal_rcc.o
 .debug_info    0x00000000000077b7      0x550 ./Drivers/STM32F3xx_HAL_Driver/Src/stm32f3xx_hal_rcc_ex.o
 .debug_info    0x0000000000007d07     0x39a8 ./Drivers/STM32F3xx_HAL_Driver/Src/stm32f3xx_hal_uart.o
 .debug_info    0x000000000000b6af      0xc92 ./Drivers/STM32F3xx_HAL_Driver/Src/stm32f3xx_hal_uart_ex.o

.debug_abbrev   0x0000000000000000     0x1d40
 .debug_abbrev  0x0000000000000000      0x2be ./Core/Src/main.o
 .debug_abbrev  0x00000000000002be      0x1ad ./Core/Src/stm32f3xx_hal_msp.o
 .debug_abbrev  0x000000000000046b      0x175 ./Core/Src/stm32f3xx_it.o
 .debug_abbrev  0x00000000000005e0      0x11a ./Core/Src/system_stm32f3xx.o
 .debug_abbrev  0x00000000000006fa       0x12 ./Core/Startup/startup_stm32f303k8tx.o
 .debug_abbrev  0x000000000000070c      0x215 ./Drivers/STM32F3xx_HAL_Driver/Src/stm32f3xx_hal.o
 .debug_abbrev  0x0000000000000921      0x28e ./Drivers/STM32F3xx_HAL_Driver/Src/stm32f3xx_hal_adc_ex.o
 .debug_abbrev  0x0000000000000baf      0x2f8 ./Drivers/STM32F3xx_HAL_Driver/Src/stm32f3xx_hal_cortex.o
 .debug_abbrev  0x0000000000000ea7      0x20d ./Drivers/STM32F3xx_HAL_Driver/Src/stm32f3xx_hal_dma.o
 .debug_abbrev  0x00000000000010b4      0x1ca ./Drivers/STM32F3xx_HAL_Driver/Src/stm32f3xx_hal_gpio.o
 .debug_abbrev  0x000000000000127e      0x300 ./Drivers/STM32F3xx_HAL_Driver/Src/stm32f3xx_hal_rcc.o
 .debug_abbrev  0x000000000000157e      0x232 ./Drivers/STM32F3xx_HAL_Driver/Src/stm32f3xx_hal_rcc_ex.o
 .debug_abbrev  0x00000000000017b0      0x2d1 ./Drivers/STM32F3xx_HAL_Driver/Src/stm32f3xx_hal_uart.o
 .debug_abbrev  0x0000000000001a81      0x2bf ./Drivers/STM32F3xx_HAL_Driver/Src/stm32f3xx_hal_uart_ex.o

.debug_aranges  0x0000000000000000      0x8e8
 .debug_aranges
                0x0000000000000000       0x68 ./Core/Src/main.o
 .debug_aranges
                0x0000000000000068       0x40 ./Core/Src/stm32f3xx_hal_msp.o
 .debug_aranges
                0x00000000000000a8       0x70 ./Core/Src/stm32f3xx_it.o
 .debug_aranges
                0x0000000000000118       0x28 ./Core/Src/system_stm32f3xx.o
 .debug_aranges
                0x0000000000000140       0x28 ./Core/Startup/startup_stm32f303k8tx.o
 .debug_aranges
                0x0000000000000168       0xe0 ./Drivers/STM32F3xx_HAL_Driver/Src/stm32f3xx_hal.o
 .debug_aranges
                0x0000000000000248      0x168 ./Drivers/STM32F3xx_HAL_Driver/Src/stm32f3xx_hal_adc_ex.o
 .debug_aranges
                0x00000000000003b0      0x100 ./Drivers/STM32F3xx_HAL_Driver/Src/stm32f3xx_hal_cortex.o
 .debug_aranges
                0x00000000000004b0       0x88 ./Drivers/STM32F3xx_HAL_Driver/Src/stm32f3xx_hal_dma.o
 .debug_aranges
                0x0000000000000538       0x58 ./Drivers/STM32F3xx_HAL_Driver/Src/stm32f3xx_hal_gpio.o
 .debug_aranges
                0x0000000000000590       0x88 ./Drivers/STM32F3xx_HAL_Driver/Src/stm32f3xx_hal_rcc.o
 .debug_aranges
                0x0000000000000618       0x38 ./Drivers/STM32F3xx_HAL_Driver/Src/stm32f3xx_hal_rcc_ex.o
 .debug_aranges
                0x0000000000000650      0x228 ./Drivers/STM32F3xx_HAL_Driver/Src/stm32f3xx_hal_uart.o
 .debug_aranges
                0x0000000000000878       0x70 ./Drivers/STM32F3xx_HAL_Driver/Src/stm32f3xx_hal_uart_ex.o

.debug_rnglists
                0x0000000000000000      0x6e2
 .debug_rnglists
                0x0000000000000000       0x4d ./Core/Src/main.o
 .debug_rnglists
                0x000000000000004d       0x2c ./Core/Src/stm32f3xx_hal_msp.o
 .debug_rnglists
                0x0000000000000079       0x4f ./Core/Src/stm32f3xx_it.o
 .debug_rnglists
                0x00000000000000c8       0x1a ./Core/Src/system_stm32f3xx.o
 .debug_rnglists
                0x00000000000000e2       0x19 ./Core/Startup/startup_stm32f303k8tx.o
 .debug_rnglists
                0x00000000000000fb       0xa3 ./Drivers/STM32F3xx_HAL_Driver/Src/stm32f3xx_hal.o
 .debug_rnglists
                0x000000000000019e      0x126 ./Drivers/STM32F3xx_HAL_Driver/Src/stm32f3xx_hal_adc_ex.o
 .debug_rnglists
                0x00000000000002c4       0xbb ./Drivers/STM32F3xx_HAL_Driver/Src/stm32f3xx_hal_cortex.o
 .debug_rnglists
                0x000000000000037f       0x69 ./Drivers/STM32F3xx_HAL_Driver/Src/stm32f3xx_hal_dma.o
 .debug_rnglists
                0x00000000000003e8       0x3f ./Drivers/STM32F3xx_HAL_Driver/Src/stm32f3xx_hal_gpio.o
 .debug_rnglists
                0x0000000000000427       0x66 ./Drivers/STM32F3xx_HAL_Driver/Src/stm32f3xx_hal_rcc.o
 .debug_rnglists
                0x000000000000048d       0x27 ./Drivers/STM32F3xx_HAL_Driver/Src/stm32f3xx_hal_rcc_ex.o
 .debug_rnglists
                0x00000000000004b4      0x1da ./Drivers/STM32F3xx_HAL_Driver/Src/stm32f3xx_hal_uart.o
 .debug_rnglists
                0x000000000000068e       0x54 ./Drivers/STM32F3xx_HAL_Driver/Src/stm32f3xx_hal_uart_ex.o

.debug_macro    0x0000000000000000    0x1b246
 .debug_macro   0x0000000000000000      0x2e8 ./Core/Src/main.o
 .debug_macro   0x00000000000002e8      0xaa8 ./Core/Src/main.o
 .debug_macro   0x0000000000000d90      0x157 ./Core/Src/main.o
 .debug_macro   0x0000000000000ee7       0x2e ./Core/Src/main.o
 .debug_macro   0x0000000000000f15       0x28 ./Core/Src/main.o
 .debug_macro   0x0000000000000f3d       0x22 ./Core/Src/main.o
 .debug_macro   0x0000000000000f5f       0x8e ./Core/Src/main.o
 .debug_macro   0x0000000000000fed       0x51 ./Core/Src/main.o
 .debug_macro   0x000000000000103e      0x103 ./Core/Src/main.o
 .debug_macro   0x0000000000001141       0x6a ./Core/Src/main.o
 .debug_macro   0x00000000000011ab      0x1df ./Core/Src/main.o
 .debug_macro   0x000000000000138a       0x1c ./Core/Src/main.o
 .debug_macro   0x00000000000013a6       0x22 ./Core/Src/main.o
 .debug_macro   0x00000000000013c8       0xd9 ./Core/Src/main.o
 .debug_macro   0x00000000000014a1      0xf07 ./Core/Src/main.o
 .debug_macro   0x00000000000023a8    0x10be0 ./Core/Src/main.o
 .debug_macro   0x0000000000012f88       0x6d ./Core/Src/main.o
 .debug_macro   0x0000000000012ff5     0x3558 ./Core/Src/main.o
 .debug_macro   0x000000000001654d      0x174 ./Core/Src/main.o
 .debug_macro   0x00000000000166c1       0x55 ./Core/Src/main.o
 .debug_macro   0x0000000000016716      0x8f8 ./Core/Src/main.o
 .debug_macro   0x000000000001700e      0x304 ./Core/Src/main.o
 .debug_macro   0x0000000000017312      0x1b5 ./Core/Src/main.o
 .debug_macro   0x00000000000174c7      0x11b ./Core/Src/main.o
 .debug_macro   0x00000000000175e2      0x1d5 ./Core/Src/main.o
 .debug_macro   0x00000000000177b7      0x1bc ./Core/Src/main.o
 .debug_macro   0x0000000000017973       0x34 ./Core/Src/main.o
 .debug_macro   0x00000000000179a7       0x3c ./Core/Src/main.o
 .debug_macro   0x00000000000179e3       0x57 ./Core/Src/main.o
 .debug_macro   0x0000000000017a3a      0x87d ./Core/Src/main.o
 .debug_macro   0x00000000000182b7       0x77 ./Core/Src/main.o
 .debug_macro   0x000000000001832e       0xc5 ./Core/Src/main.o
 .debug_macro   0x00000000000183f3      0x19f ./Core/Src/main.o
 .debug_macro   0x0000000000018592      0x22c ./Core/Src/main.o
 .debug_macro   0x00000000000187be       0x5b ./Core/Src/main.o
 .debug_macro   0x0000000000018819       0xa5 ./Core/Src/main.o
 .debug_macro   0x00000000000188be       0x81 ./Core/Src/main.o
 .debug_macro   0x000000000001893f       0xd3 ./Core/Src/main.o
 .debug_macro   0x0000000000018a12      0x5ba ./Core/Src/main.o
 .debug_macro   0x0000000000018fcc       0x44 ./Core/Src/main.o
 .debug_macro   0x0000000000019010      0x285 ./Core/Src/main.o
 .debug_macro   0x0000000000019295       0x61 ./Core/Src/main.o
 .debug_macro   0x00000000000192f6       0x2a ./Core/Src/main.o
 .debug_macro   0x0000000000019320       0x43 ./Core/Src/main.o
 .debug_macro   0x0000000000019363       0x34 ./Core/Src/main.o
 .debug_macro   0x0000000000019397       0x16 ./Core/Src/main.o
 .debug_macro   0x00000000000193ad       0x35 ./Core/Src/main.o
 .debug_macro   0x00000000000193e2      0x369 ./Core/Src/main.o
 .debug_macro   0x000000000001974b       0x10 ./Core/Src/main.o
 .debug_macro   0x000000000001975b       0x16 ./Core/Src/main.o
 .debug_macro   0x0000000000019771       0x43 ./Core/Src/main.o
 .debug_macro   0x00000000000197b4       0x34 ./Core/Src/main.o
 .debug_macro   0x00000000000197e8       0x10 ./Core/Src/main.o
 .debug_macro   0x00000000000197f8       0x58 ./Core/Src/main.o
 .debug_macro   0x0000000000019850       0x8e ./Core/Src/main.o
 .debug_macro   0x00000000000198de       0x1c ./Core/Src/main.o
 .debug_macro   0x00000000000198fa      0x177 ./Core/Src/main.o
 .debug_macro   0x0000000000019a71       0x16 ./Core/Src/main.o
 .debug_macro   0x0000000000019a87       0x16 ./Core/Src/main.o
 .debug_macro   0x0000000000019a9d      0x147 ./Core/Src/main.o
 .debug_macro   0x0000000000019be4       0x16 ./Core/Src/main.o
 .debug_macro   0x0000000000019bfa       0x20 ./Core/Src/main.o
 .debug_macro   0x0000000000019c1a      0x1d4 ./Core/Src/stm32f3xx_hal_msp.o
 .debug_macro   0x0000000000019dee      0x1de ./Core/Src/stm32f3xx_it.o
 .debug_macro   0x0000000000019fcc      0x1ca ./Core/Src/system_stm32f3xx.o
 .debug_macro   0x000000000001a196      0x1ee ./Drivers/STM32F3xx_HAL_Driver/Src/stm32f3xx_hal.o
 .debug_macro   0x000000000001a384      0x1f4 ./Drivers/STM32F3xx_HAL_Driver/Src/stm32f3xx_hal_adc_ex.o
 .debug_macro   0x000000000001a578      0x1ca ./Drivers/STM32F3xx_HAL_Driver/Src/stm32f3xx_hal_cortex.o
 .debug_macro   0x000000000001a742      0x1ca ./Drivers/STM32F3xx_HAL_Driver/Src/stm32f3xx_hal_dma.o
 .debug_macro   0x000000000001a90c      0x1d1 ./Drivers/STM32F3xx_HAL_Driver/Src/stm32f3xx_hal_gpio.o
 .debug_macro   0x000000000001aadd      0x1ee ./Drivers/STM32F3xx_HAL_Driver/Src/stm32f3xx_hal_rcc.o
 .debug_macro   0x000000000001accb      0x1ca ./Drivers/STM32F3xx_HAL_Driver/Src/stm32f3xx_hal_rcc_ex.o
 .debug_macro   0x000000000001ae95      0x1e7 ./Drivers/STM32F3xx_HAL_Driver/Src/stm32f3xx_hal_uart.o
 .debug_macro   0x000000000001b07c      0x1ca ./Drivers/STM32F3xx_HAL_Driver/Src/stm32f3xx_hal_uart_ex.o

.debug_line     0x0000000000000000     0xcf1b
 .debug_line    0x0000000000000000      0xbfd ./Core/Src/main.o
 .debug_line    0x0000000000000bfd      0x83f ./Core/Src/stm32f3xx_hal_msp.o
 .debug_line    0x000000000000143c      0x855 ./Core/Src/stm32f3xx_it.o
 .debug_line    0x0000000000001c91      0x7d9 ./Core/Src/system_stm32f3xx.o
 .debug_line    0x000000000000246a       0x7a ./Core/Startup/startup_stm32f303k8tx.o
 .debug_line    0x00000000000024e4      0xa0e ./Drivers/STM32F3xx_HAL_Driver/Src/stm32f3xx_hal.o
 .debug_line    0x0000000000002ef2     0x20f2 ./Drivers/STM32F3xx_HAL_Driver/Src/stm32f3xx_hal_adc_ex.o
 .debug_line    0x0000000000004fe4      0xbf6 ./Drivers/STM32F3xx_HAL_Driver/Src/stm32f3xx_hal_cortex.o
 .debug_line    0x0000000000005bda      0xcfc ./Drivers/STM32F3xx_HAL_Driver/Src/stm32f3xx_hal_dma.o
 .debug_line    0x00000000000068d6      0xb59 ./Drivers/STM32F3xx_HAL_Driver/Src/stm32f3xx_hal_gpio.o
 .debug_line    0x000000000000742f     0x13e8 ./Drivers/STM32F3xx_HAL_Driver/Src/stm32f3xx_hal_rcc.o
 .debug_line    0x0000000000008817      0xaad ./Drivers/STM32F3xx_HAL_Driver/Src/stm32f3xx_hal_rcc_ex.o
 .debug_line    0x00000000000092c4     0x30d2 ./Drivers/STM32F3xx_HAL_Driver/Src/stm32f3xx_hal_uart.o
 .debug_line    0x000000000000c396      0xb85 ./Drivers/STM32F3xx_HAL_Driver/Src/stm32f3xx_hal_uart_ex.o

.debug_str      0x0000000000000000    0xa1e33
 .debug_str     0x0000000000000000    0x9fa1c ./Core/Src/main.o
                                      0x9fdbf (size before relaxing)
 .debug_str     0x000000000009fa1c      0x30a ./Core/Src/stm32f3xx_hal_msp.o
                                      0x9c48b (size before relaxing)
 .debug_str     0x000000000009fd26      0x101 ./Core/Src/stm32f3xx_it.o
                                      0x9bec8 (size before relaxing)
 .debug_str     0x000000000009fe27       0xdf ./Core/Src/system_stm32f3xx.o
                                      0x9bac3 (size before relaxing)
 .debug_str     0x000000000009ff06       0x34 ./Core/Startup/startup_stm32f303k8tx.o
                                         0x7d (size before relaxing)
 .debug_str     0x000000000009ff3a      0x397 ./Drivers/STM32F3xx_HAL_Driver/Src/stm32f3xx_hal.o
                                      0x9c1b3 (size before relaxing)
 .debug_str     0x00000000000a02d1      0x870 ./Drivers/STM32F3xx_HAL_Driver/Src/stm32f3xx_hal_adc_ex.o
                                      0x9c7c9 (size before relaxing)
 .debug_str     0x00000000000a0b41      0x218 ./Drivers/STM32F3xx_HAL_Driver/Src/stm32f3xx_hal_cortex.o
                                      0x9c0d8 (size before relaxing)
 .debug_str     0x00000000000a0d59      0x229 ./Drivers/STM32F3xx_HAL_Driver/Src/stm32f3xx_hal_dma.o
                                      0x9be0b (size before relaxing)
 .debug_str     0x00000000000a0f82      0x157 ./Drivers/STM32F3xx_HAL_Driver/Src/stm32f3xx_hal_gpio.o
                                      0x9bca2 (size before relaxing)
 .debug_str     0x00000000000a10d9      0x2d1 ./Drivers/STM32F3xx_HAL_Driver/Src/stm32f3xx_hal_rcc.o
                                      0x9bf63 (size before relaxing)
 .debug_str     0x00000000000a13aa       0xbe ./Drivers/STM32F3xx_HAL_Driver/Src/stm32f3xx_hal_rcc_ex.o
                                      0x9bc62 (size before relaxing)
 .debug_str     0x00000000000a1468      0x80a ./Drivers/STM32F3xx_HAL_Driver/Src/stm32f3xx_hal_uart.o
                                      0x9c7e6 (size before relaxing)
 .debug_str     0x00000000000a1c72      0x1c1 ./Drivers/STM32F3xx_HAL_Driver/Src/stm32f3xx_hal_uart_ex.o
                                      0x9c0eb (size before relaxing)

.debug_frame    0x0000000000000000     0x2360
 .debug_frame   0x0000000000000000      0x158 ./Core/Src/main.o
 .debug_frame   0x0000000000000158       0xc8 ./Core/Src/stm32f3xx_hal_msp.o
 .debug_frame   0x0000000000000220      0x13c ./Core/Src/stm32f3xx_it.o
 .debug_frame   0x000000000000035c       0x58 ./Core/Src/system_stm32f3xx.o
 .debug_frame   0x00000000000003b4      0x334 ./Drivers/STM32F3xx_HAL_Driver/Src/stm32f3xx_hal.o
 .debug_frame   0x00000000000006e8      0x638 ./Drivers/STM32F3xx_HAL_Driver/Src/stm32f3xx_hal_adc_ex.o
 .debug_frame   0x0000000000000d20      0x428 ./Drivers/STM32F3xx_HAL_Driver/Src/stm32f3xx_hal_cortex.o
 .debug_frame   0x0000000000001148      0x224 ./Drivers/STM32F3xx_HAL_Driver/Src/stm32f3xx_hal_dma.o
 .debug_frame   0x000000000000136c      0x14c ./Drivers/STM32F3xx_HAL_Driver/Src/stm32f3xx_hal_gpio.o
 .debug_frame   0x00000000000014b8      0x214 ./Drivers/STM32F3xx_HAL_Driver/Src/stm32f3xx_hal_rcc.o
 .debug_frame   0x00000000000016cc       0xac ./Drivers/STM32F3xx_HAL_Driver/Src/stm32f3xx_hal_rcc_ex.o
 .debug_frame   0x0000000000001778      0x9e8 ./Drivers/STM32F3xx_HAL_Driver/Src/stm32f3xx_hal_uart.o
 .debug_frame   0x0000000000002160      0x1b4 ./Drivers/STM32F3xx_HAL_Driver/Src/stm32f3xx_hal_uart_ex.o
 .debug_frame   0x0000000000002314       0x20 C:/ST/STM32CubeIDE_1.12.1/STM32CubeIDE/plugins/com.st.stm32cube.ide.mcu.externaltools.gnu-tools-for-stm32.11.3.rel1.win32_1.1.0.202305231506/tools/bin/../lib/gcc/arm-none-eabi/11.3.1/../../../../arm-none-eabi/lib/thumb/v7e-m+fp/hard\libc_nano.a(libc_a-memset.o)
 .debug_frame   0x0000000000002334       0x2c C:/ST/STM32CubeIDE_1.12.1/STM32CubeIDE/plugins/com.st.stm32cube.ide.mcu.externaltools.gnu-tools-for-stm32.11.3.rel1.win32_1.1.0.202305231506/tools/bin/../lib/gcc/arm-none-eabi/11.3.1/../../../../arm-none-eabi/lib/thumb/v7e-m+fp/hard\libc_nano.a(libc_a-init.o)

.debug_line_str
                0x0000000000000000       0x71
 .debug_line_str
                0x0000000000000000       0x71 ./Core/Startup/startup_stm32f303k8tx.o
                                         0x89 (size before relaxing)
