../Drivers/STM32F3xx_HAL_Driver/Src/stm32f3xx_hal_uart.c:3324:13:UART_EndRxTransfer	0	static,ignoring_inline_asm
../Drivers/STM32F3xx_HAL_Driver/Src/stm32f3xx_hal_uart.c:3719:13:UART_TxISR_8BIT.part.0	0	static,ignoring_inline_asm
../Drivers/STM32F3xx_HAL_Driver/Src/stm32f3xx_hal_uart.c:3719:13:UART_TxISR_8BIT	0	static
../Drivers/STM32F3xx_HAL_Driver/Src/stm32f3xx_hal_uart.c:3748:13:UART_TxISR_16BIT	0	static
../Drivers/STM32F3xx_HAL_Driver/Src/stm32f3xx_hal_uart.c:652:13:HAL_UART_MspInit	0	static
../Drivers/STM32F3xx_HAL_Driver/Src/stm32f3xx_hal_uart.c:667:13:HAL_UART_MspDeInit	0	static
../Drivers/STM32F3xx_HAL_Driver/Src/stm32f3xx_hal_uart.c:606:19:HAL_UART_DeInit	16	static
../Drivers/STM32F3xx_HAL_Driver/Src/stm32f3xx_hal_uart.c:1251:19:HAL_UART_Transmit_IT	0	static,ignoring_inline_asm
../Drivers/STM32F3xx_HAL_Driver/Src/stm32f3xx_hal_uart.c:1344:19:HAL_UART_Transmit_DMA	24	static,ignoring_inline_asm
../Drivers/STM32F3xx_HAL_Driver/Src/stm32f3xx_hal_uart.c:1455:19:HAL_UART_DMAPause	8	static,ignoring_inline_asm
../Drivers/STM32F3xx_HAL_Driver/Src/stm32f3xx_hal_uart.c:1489:19:HAL_UART_DMAResume	0	static,ignoring_inline_asm
../Drivers/STM32F3xx_HAL_Driver/Src/stm32f3xx_hal_uart.c:1521:19:HAL_UART_DMAStop	16	static,ignoring_inline_asm
../Drivers/STM32F3xx_HAL_Driver/Src/stm32f3xx_hal_uart.c:1596:19:HAL_UART_Abort	8	static,ignoring_inline_asm
../Drivers/STM32F3xx_HAL_Driver/Src/stm32f3xx_hal_uart.c:1691:19:HAL_UART_AbortTransmit	8	static,ignoring_inline_asm
../Drivers/STM32F3xx_HAL_Driver/Src/stm32f3xx_hal_uart.c:1743:19:HAL_UART_AbortReceive	8	static,ignoring_inline_asm
../Drivers/STM32F3xx_HAL_Driver/Src/stm32f3xx_hal_uart.c:2431:13:HAL_UART_TxCpltCallback	0	static
../Drivers/STM32F3xx_HAL_Driver/Src/stm32f3xx_hal_uart.c:3350:13:UART_DMATransmitCplt	8	static,ignoring_inline_asm
../Drivers/STM32F3xx_HAL_Driver/Src/stm32f3xx_hal_uart.c:2446:13:HAL_UART_TxHalfCpltCallback	0	static
../Drivers/STM32F3xx_HAL_Driver/Src/stm32f3xx_hal_uart.c:3384:13:UART_DMATxHalfCplt	8	static
../Drivers/STM32F3xx_HAL_Driver/Src/stm32f3xx_hal_uart.c:2461:13:HAL_UART_RxCpltCallback	0	static
../Drivers/STM32F3xx_HAL_Driver/Src/stm32f3xx_hal_uart.c:2476:13:HAL_UART_RxHalfCpltCallback	0	static
../Drivers/STM32F3xx_HAL_Driver/Src/stm32f3xx_hal_uart.c:2491:13:HAL_UART_ErrorCallback	0	static
../Drivers/STM32F3xx_HAL_Driver/Src/stm32f3xx_hal_uart.c:3493:13:UART_DMAError	8	static,ignoring_inline_asm
../Drivers/STM32F3xx_HAL_Driver/Src/stm32f3xx_hal_uart.c:3533:13:UART_DMAAbortOnError	8	static
../Drivers/STM32F3xx_HAL_Driver/Src/stm32f3xx_hal_uart.c:2506:13:HAL_UART_AbortCpltCallback	0	static
../Drivers/STM32F3xx_HAL_Driver/Src/stm32f3xx_hal_uart.c:1810:19:HAL_UART_Abort_IT	16	static,ignoring_inline_asm
../Drivers/STM32F3xx_HAL_Driver/Src/stm32f3xx_hal_uart.c:3606:13:UART_DMARxAbortCallback	8	static
../Drivers/STM32F3xx_HAL_Driver/Src/stm32f3xx_hal_uart.c:3556:13:UART_DMATxAbortCallback	8	static
../Drivers/STM32F3xx_HAL_Driver/Src/stm32f3xx_hal_uart.c:2521:13:HAL_UART_AbortTransmitCpltCallback	0	static
../Drivers/STM32F3xx_HAL_Driver/Src/stm32f3xx_hal_uart.c:1956:19:HAL_UART_AbortTransmit_IT	8	static,ignoring_inline_asm
../Drivers/STM32F3xx_HAL_Driver/Src/stm32f3xx_hal_uart.c:3658:13:UART_DMATxOnlyAbortCallback	8	static
../Drivers/STM32F3xx_HAL_Driver/Src/stm32f3xx_hal_uart.c:2536:13:HAL_UART_AbortReceiveCpltCallback	0	static
../Drivers/STM32F3xx_HAL_Driver/Src/stm32f3xx_hal_uart.c:2040:19:HAL_UART_AbortReceive_IT	8	static,ignoring_inline_asm
../Drivers/STM32F3xx_HAL_Driver/Src/stm32f3xx_hal_uart.c:3686:13:UART_DMARxOnlyAbortCallback	8	static
../Drivers/STM32F3xx_HAL_Driver/Src/stm32f3xx_hal_uart.c:2553:13:HAL_UARTEx_RxEventCallback	0	static
../Drivers/STM32F3xx_HAL_Driver/Src/stm32f3xx_hal_uart.c:2132:6:HAL_UART_IRQHandler	16	static,ignoring_inline_asm
../Drivers/STM32F3xx_HAL_Driver/Src/stm32f3xx_hal_uart.c:3805:13:UART_RxISR_8BIT	8	static,ignoring_inline_asm
../Drivers/STM32F3xx_HAL_Driver/Src/stm32f3xx_hal_uart.c:3882:13:UART_RxISR_16BIT	8	static,ignoring_inline_asm
../Drivers/STM32F3xx_HAL_Driver/Src/stm32f3xx_hal_uart.c:3459:13:UART_DMARxHalfCplt	8	static
../Drivers/STM32F3xx_HAL_Driver/Src/stm32f3xx_hal_uart.c:3402:13:UART_DMAReceiveCplt	8	static,ignoring_inline_asm
../Drivers/STM32F3xx_HAL_Driver/Src/stm32f3xx_hal_uart.c:2601:6:HAL_UART_ReceiverTimeout_Config	0	static
../Drivers/STM32F3xx_HAL_Driver/Src/stm32f3xx_hal_uart.c:2613:19:HAL_UART_EnableReceiverTimeout	0	static
../Drivers/STM32F3xx_HAL_Driver/Src/stm32f3xx_hal_uart.c:2644:19:HAL_UART_DisableReceiverTimeout	0	static
../Drivers/STM32F3xx_HAL_Driver/Src/stm32f3xx_hal_uart.c:2715:6:HAL_MultiProcessor_EnterMuteMode	0	static
../Drivers/STM32F3xx_HAL_Driver/Src/stm32f3xx_hal_uart.c:2725:19:HAL_HalfDuplex_EnableTransmitter	8	static,ignoring_inline_asm
../Drivers/STM32F3xx_HAL_Driver/Src/stm32f3xx_hal_uart.c:2748:19:HAL_HalfDuplex_EnableReceiver	8	static,ignoring_inline_asm
../Drivers/STM32F3xx_HAL_Driver/Src/stm32f3xx_hal_uart.c:2772:19:HAL_LIN_SendBreak	0	static
../Drivers/STM32F3xx_HAL_Driver/Src/stm32f3xx_hal_uart.c:2817:23:HAL_UART_GetState	0	static
../Drivers/STM32F3xx_HAL_Driver/Src/stm32f3xx_hal_uart.c:2833:10:HAL_UART_GetError	0	static
../Drivers/STM32F3xx_HAL_Driver/Src/stm32f3xx_hal_uart.c:2877:19:UART_SetConfig	16	static
../Drivers/STM32F3xx_HAL_Driver/Src/stm32f3xx_hal_uart.c:3021:6:UART_AdvFeatureConfig	8	static
../Drivers/STM32F3xx_HAL_Driver/Src/stm32f3xx_hal_uart.c:3146:19:UART_WaitOnFlagUntilTimeout	24	static,ignoring_inline_asm
../Drivers/STM32F3xx_HAL_Driver/Src/stm32f3xx_hal_uart.c:1080:19:HAL_UART_Transmit	40	static
../Drivers/STM32F3xx_HAL_Driver/Src/stm32f3xx_hal_uart.c:1165:19:HAL_UART_Receive	40	static
../Drivers/STM32F3xx_HAL_Driver/Src/stm32f3xx_hal_uart.c:3095:19:UART_CheckIdleState	32	static
../Drivers/STM32F3xx_HAL_Driver/Src/stm32f3xx_hal_uart.c:289:19:HAL_UART_Init	8	static
../Drivers/STM32F3xx_HAL_Driver/Src/stm32f3xx_hal_uart.c:362:19:HAL_HalfDuplex_Init	8	static
../Drivers/STM32F3xx_HAL_Driver/Src/stm32f3xx_hal_uart.c:435:19:HAL_LIN_Init	16	static
../Drivers/STM32F3xx_HAL_Driver/Src/stm32f3xx_hal_uart.c:532:19:HAL_MultiProcessor_Init	16	static
../Drivers/STM32F3xx_HAL_Driver/Src/stm32f3xx_hal_uart.c:2675:19:HAL_MultiProcessor_EnableMuteMode	0	static,ignoring_inline_asm
../Drivers/STM32F3xx_HAL_Driver/Src/stm32f3xx_hal_uart.c:2695:19:HAL_MultiProcessor_DisableMuteMode	0	static,ignoring_inline_asm
../Drivers/STM32F3xx_HAL_Driver/Src/stm32f3xx_hal_uart.c:3208:19:UART_Start_Receive_IT	8	static,ignoring_inline_asm
../Drivers/STM32F3xx_HAL_Driver/Src/stm32f3xx_hal_uart.c:1304:19:HAL_UART_Receive_IT	8	static,ignoring_inline_asm
../Drivers/STM32F3xx_HAL_Driver/Src/stm32f3xx_hal_uart.c:3252:19:UART_Start_Receive_DMA	16	static,ignoring_inline_asm
../Drivers/STM32F3xx_HAL_Driver/Src/stm32f3xx_hal_uart.c:1420:19:HAL_UART_Receive_DMA	8	static,ignoring_inline_asm
