../Core/Src/main.c:127:6:Print_test	24	static
../Core/Src/main.c:135:6:ADC_reset_ch	32	static
../Core/Src/main.c:164:6:ADC_Select_CH0	24	static
../Core/Src/main.c:175:9:ADC_Select_CH1	24	static
../Core/Src/main.c:188:9:ADC_Select_CH4	24	static
../Core/Src/main.c:200:9:ADC_Select_CH5	24	static
../Core/Src/main.c:212:9:ADC_Select_CH8	24	static
../Core/Src/main.c:223:9:ADC_Select_CHTemp	24	static
../Core/Src/main.c:235:9:ADC_Select_CH_V_REF	24	static
../Core/Src/main.c:246:13:ADC_read	16	static
../Core/Src/main.c:386:6:SystemClock_Config	96	static,ignoring_inline_asm
../Core/Src/main.c:307:5:main	88	static,ignoring_inline_asm
../Core/Src/main.c:706:6:HAL_TIM_IC_CaptureCallback	24	static
../Core/Src/main.c:792:6:HAL_UART_TxCpltCallback	8	static
../Core/Src/main.c:805:6:Error_Handler	0	static,ignoring_inline_asm
