../Core/Src/stm32f0xx_it.c:72:6:NMI_Handler	0	static
../Core/Src/stm32f0xx_it.c:87:6:HardFault_Handler	0	static
../Core/Src/stm32f0xx_it.c:102:6:SVC_Handler	0	static
../Core/Src/stm32f0xx_it.c:115:6:PendSV_Handler	0	static
../Core/Src/stm32f0xx_it.c:128:6:SysTick_Handler	8	static
../Core/Src/stm32f0xx_it.c:149:6:RCC_IRQHandler	0	static
../Core/Src/stm32f0xx_it.c:162:6:DMA1_Channel2_3_IRQHandler	8	static
../Core/Src/stm32f0xx_it.c:176:6:TIM1_BRK_UP_TRG_COM_IRQHandler	8	static
../Core/Src/stm32f0xx_it.c:190:6:TIM1_CC_IRQHandler	8	static
../Core/Src/stm32f0xx_it.c:204:6:TIM3_IRQHandler	8	static
../Core/Src/stm32f0xx_it.c:218:6:USART1_IRQHandler	8	static
