../Core/Src/main.c:128:6:Print_test	40	static
../Core/Src/main.c:136:6:Protocol	8	static
../Core/Src/main.c:246:6:ADC_reset_ch	24	static
../Core/Src/main.c:275:6:ADC_Select_CH0	24	static
../Core/Src/main.c:286:9:ADC_Select_CH1	24	static
../Core/Src/main.c:299:9:ADC_Select_CH4	24	static
../Core/Src/main.c:311:9:ADC_Select_CH5	24	static
../Core/Src/main.c:323:9:ADC_Select_CH8	24	static
../Core/Src/main.c:334:9:ADC_Select_CHTemp	24	static
../Core/Src/main.c:346:9:ADC_Select_CH_V_REF	24	static
../Core/Src/main.c:357:13:ADC_read	16	static
../Core/Src/main.c:418:5:main	8	static
../Core/Src/main.c:497:6:SystemClock_Config	96	static
../Core/Src/main.c:542:13:MX_ADC_Init	24	static
../Core/Src/main.c:591:13:MX_TIM1_Init	48	static
../Core/Src/main.c:666:13:MX_TIM3_Init	32	static
../Core/Src/main.c:711:13:MX_USART1_UART_Init	8	static
../Core/Src/main.c:744:13:MX_DMA_Init	16	static
../Core/Src/main.c:762:13:MX_GPIO_Init	48	static
../Core/Src/main.c:817:6:HAL_TIM_IC_CaptureCallback	16	static
../Core/Src/main.c:869:6:HAL_UART_TxCpltCallback	16	static
../Core/Src/main.c:882:6:Error_Handler	8	static,ignoring_inline_asm
