../Core/Src/main.c:89:6:UART_SNIFF	48	static
../Core/Src/main.c:137:6:HAL_UART_RxCpltCallback	16	static
../Core/Src/main.c:167:6:HAL_UART_IDLE_Callback	16	static
../Core/Src/main.c:213:5:main	8	static
../Core/Src/main.c:282:6:SystemClock_Config	96	static
../Core/Src/main.c:329:13:MX_ADC1_Init	48	static
../Core/Src/main.c:395:13:MX_USART1_UART_Init	8	static
../Core/Src/main.c:430:13:MX_USART2_UART_Init	8	static
../Core/Src/main.c:465:13:MX_GPIO_Init	40	static
../Core/Src/main.c:497:6:Error_Handler	4	static,ignoring_inline_asm
