../Core/Src/main.c:89:6:UART_SNIFF	48	static
../Core/Src/main.c:137:6:HAL_UART_RxCpltCallback	16	static
../Core/Src/main.c:167:6:HAL_UART_IDLE_Callback	16	static
../Core/Src/main.c:213:5:main	8	static
../Core/Src/main.c:282:6:SystemClock_Config	96	static
../Core/Src/main.c:328:13:MX_ADC1_Init	48	static
../Core/Src/main.c:391:13:MX_USART1_UART_Init	8	static
../Core/Src/main.c:426:13:MX_USART2_UART_Init	8	static
../Core/Src/main.c:461:13:MX_GPIO_Init	40	static
../Core/Src/main.c:489:6:Error_Handler	4	static,ignoring_inline_asm
